border_size=1
usage=map

Hh          , Gs          , Gs          , Gs          , Ww          , Gs          , Gs          , Gs          , Gs          , Gs          , Gs          , Gs          , Gs          , Gs          , Gs          , Gs          , Gs          , Gs          , Gs          , Hh          , Hh          , Hh          , Gs          , Gs          , Gs          , Gs          , Gs          , Gs          , Hh          , Hh          , Hh          , Hh          , Hh          , Hh          , Gs          , Gs          , Gs          , Gs          , Gs          , Gs          
Hh          , Hh          , Gs          , Gs          , Gs          , Ww          , Ww          , Gs          , Gs          , Gs          , Gs          , Gs          , Gs          , Gs          , Gs          , Gs          , Gs          , Gs          , Gs          , Hh          , Gs          , Gs          , Gs          , Gs          , Gs          , Gs          , Gs          , Gs          , Gs          , Hh          , Gs          , Gs          , Hh          , Gs          , Gs          , Gs          , Gs          , Gs          , Gs          , Gs          
Gs          , Hh          , Gs          , Gs          , Gs          , Ww          , Ww          , Ww          , Ww          , Gs          , Ww          , Gs          , Ww          , Gs          , Gs          , Gs          , Gs          , Gs          , Gs          , Gs          , Gs          , Gs          , Gs          , Gs          , Gs          , Gs          , Gs          , Gs          , Gs          , Gs          , Gs          , Hh          , Hh^Fp       , Gs          , Gs          , Gs          , Gs^Fp       , Gs          , Gs          , Gs          
Gs          , Gs          , Gs          , Gs          , Gs          , Gs          , Gs          , Ww          , Ww          , Ww          , Ww          , Ww          , Gs          , Ww          , Ww          , Gs          , Gs          , Gs          , Gs          , Gs          , Gs          , Gs          , Gs          , Gs          , Gs          , Gs          , Gs          , Gs          , Gs          , Gs          , Gs          , Gs^Fp       , Gs^Fp       , Gs          , Gs          , Gs          , Gs          , Gs          , Gs          , Gs          
Gs          , Gs          , Gs          , Gs          , Gs          , Gs          , Gs          , Gs          , Hh          , Hh          , Hh          , Gs          , Gs          , Ww          , Ww          , Ww          , Gs          , Gs          , Gs          , Gs          , Gs          , Gs          , Gs          , Gs          , Gs          , Gs          , Hh          , Gs          , Gs          , Gs          , Gs          , Gs^Fp       , Gs          , Gs          , Hh          , Hh          , Gs          , Gs          , Gs^Fp       , Gs          
Gs          , Gs          , Gs          , Gs          , Gs          , Gs          , Gs          , Gs          , Gs          , Hh          , Gs          , Hh          , Gs          , Gs          , Ww          , Ww          , Gs          , Gs          , Gs          , Gs          , Gs          , Gs          , Gs          , Gs          , Gs          , Hh          , Hh          , Gs          , Gs          , Gs          , Gs          , Gs          , Gs          , Gs          , Gs          , Hh          , Gs          , Gs          , Gs^Fp       , Gs^Fp       
Gs          , Gs          , Gs          , Gs          , Gs          , Gs          , Gs          , Gs          , Gs          , Gs          , Gs          , Gs          , Gs          , Gs          , Ww          , Ww          , Gs          , Gs          , Gs          , Gs          , Gs          , Gs          , Gs          , Gs          , Gs          , Hh          , Gs          , Gs          , Gs          , Gs          , Gs          , Gs          , Gs          , Gs          , Gs          , Gs          , Gs          , Gs          , Gs^Fp       , Gs^Fp       
Gs          , Gs          , Gs          , Gs          , Gs          , Gs          , Gs          , Gs          , Gs          , Gs          , Gs          , Gs          , Gs          , Gs          , Ww          , Ww          , Hh          , Gs          , Gs          , Gs          , Gs          , Gs          , Gs          , Gs          , Gs          , Gs          , Gs          , Gs          , Gs          , Gs          , Gs          , Gs          , Gs          , Gs          , Gs          , Gs          , Gs          , Gs          , Gs          , Gs          
Gs          , Gs          , Gs          , Gs          , Gs          , Gs          , Gs          , Gs          , Gs          , Gs          , Gs          , Gs          , Gs          , Gs          , Ww          , Hh          , Hh          , Gs          , Gs          , Gs          , Gs          , Gs          , Gs          , Gs          , Gs          , Gs          , Hh          , Gs          , Gs          , Gs          , Gs          , Gs          , Gs          , Gs          , Gs^Fp       , Gs^Fp       , Gs          , Gs          , Gs^Fp       , Gs          
Hh          , Gs          , Gs          , Gs          , Gs          , Gs          , Gs          , Gs          , Gs          , Gs          , Gs          , Gs          , Gs          , Gs          , Ww          , Hh          , Gs          , Gs          , Gs          , Gs          , Gs          , Gs          , Gs          , Gs          , Hh          , Hh          , Hh          , Gs          , Gs          , Gs          , Gs          , Gs          , Gs          , Gs          , Gs          , Gs^Fp       , Gs^Fp       , Gs          , Gs^Fp       , Gs^Fp       
Gs          , Hh          , Hh          , Gs          , Gs          , Gs          , Gs          , Gs          , Gs          , Gs          , Gs          , Gs          , Gs          , Gs          , Ww          , Ww          , Gs          , Gs          , Gs          , Hh          , Hh          , Gs          , Ww          , Ww          , Ww          , Ww          , Ww          , Ww          , Ww          , Gs          , Gs          , Gs          , Gs          , Gs          , Gs          , Gs^Fp       , Gs          , Gs          , Gs^Fp       , Gs^Fp       
Gs          , Hh          , Gs          , Hh          , Gs          , Gs          , Gs          , Gs          , Gs          , Gs          , Gs          , Gs          , Gs          , Gs          , Ww          , Ww          , Ww          , Gs          , Ww          , Hh          , Ww          , Ww          , Ww          , Ww          , Ww          , Ww          , Ce          , Ww          , Ww          , Ww          , Ww          , Gs          , Gs^Fp       , Gs          , Gs          , Gs          , Gs          , Gs          , Gs^Fp       , Gs          
Gs          , Gs          , Gs          , Gs          , Gs          , Gs          , Gs          , Gs          , Gs          , Gs          , Gs          , Gs          , Gs          , Gs          , Ww          , Ww          , Ww          , Ww          , Ww          , Ww          , Gs          , Gs          , Gs          , Gs^Vht      , Gs          , Gs          , Ce          , 2 Ke        , Ce          , Ww          , Ww          , Gs          , Gs          , Gs          , Gs^Fp       , Gs^Fp       , Gs^Fp       , Gs^Fp       , Gs^Fp       , Gs^Fp       
Gs          , Gs          , Gs          , Gs          , Gs          , Gs          , Gs          , Gs          , Gs          , Gs          , Gs          , Gs          , Gs          , Gs          , Ww          , Ww          , Gs          , Ww          , Gs          , Gs^Vht      , Re          , Gs          , Re          , Re          , Re          , Re          , Re          , Ce          , Gs          , Ww          , Ww          , Gs          , Gs^Fp       , Gs          , Gs^Fp       , Gs^Fp       , Gs          , Gs^Fp       , Gs^Fp       , Gs          
Gs          , Gs          , Gs          , Gs          , Gs          , Gs          , Gs          , Gs          , Gs          , Gs          , Gs          , Gs          , Gs          , Gs          , Ww          , Ww          , Gs          , Gs          , Gs          , Gs          , Gs          , Re          , Re          , Re          , Re          , Re          , Re          , Gs          , Gs^Vht      , Ww          , Gs          , Gs          , Gs^Fp       , Gs^Fp       , Gs          , Gs^Fp       , Gs          , Gs^Fp       , Gs^Fp       , Gs^Fp       
Gs          , Gs          , Gs          , Gs          , Gs          , Gs          , Gs          , Gs          , Gs          , Gs          , Gs          , Gs          , Gs          , Gs          , Ww          , Ww          , Gs          , Gs          , Gs          , Gs          , Gs          , Re          , Re          , Re          , Re          , Re          , Re          , Re          , Gs          , Ww          , Gs          , Gs          , Gs^Fp       , Gs          , Gs          , Gs          , Gs          , Gs          , Gs^Fp       , Gs^Fp       
Gs          , Gs          , Gs          , Gs          , Gs          , Gs          , Gs          , Gs          , Gs          , Gs          , Gs          , Gs          , Gs          , Gs          , Ww          , Ww          , Gs          , Gs          , Gs          , Gs          , Gs          , Gs^Vht      , Gs          , Re          , Re          , Re          , Gs          , Gs          , Gs          , Ww          , Gs          , Gs          , Gs^Fp       , Gs          , Gs          , Gs          , Gs          , Gs^Fp       , Gs^Fp       , Gs^Fp       
Gs          , Gs          , Gs          , Gs          , Gs          , Gs          , Gs          , Gs          , Gs          , Gs          , Gs          , Gs          , Gs          , Gs          , Ww          , Ww          , Gs          , Gs          , Gs          , Gs          , Gs          , Gs          , Re          , Re          , Re          , Re          , Re          , Gs          , Gs          , Ww          , Gs          , Gs          , Gs          , Gs          , Gs          , Gs^Fp       , Gs          , Gs^Fp       , Gs^Fp       , Gs^Fp       
Gs          , Gs          , Gs          , Gs          , Gs          , Gs          , Gs          , Gs          , Gs          , Gs          , Gs          , Gs          , Gs          , Gs          , Ww          , Ww          , Gs          , Gs          , Gs          , Gs          , Gs          , Gs          , Re          , Re          , Re          , Re          , Re          , Re          , Gs^Vht      , Ww          , Gs          , Gs          , Gs          , Gs          , Gs          , Gs^Fp       , Gs          , Gs^Fp       , Gs^Fp       , Gs^Fp       
Gs          , Gs          , Gs          , Gs          , Gs          , Gs          , Gs          , Gs          , Gs          , Gs          , Gs          , Gs          , Ww          , Gs          , Ww          , Ww          , Gs          , Gs          , Gs          , Gs^Vht      , Re          , Re          , Re          , Re          , Re          , Re          , Gs          , Gs          , Gs          , Ww          , Gs          , Gs          , Gs          , Gs          , Gs          , Gs^Fp       , Gs          , Gs^Fp       , Gs^Fp       , Gs^Fp       
Gs          , Gs          , Gs          , Gs          , Gs          , Gs          , Hh          , Gs          , Gs          , Gs          , Ww          , Ww          , Ww          , Ww          , Gs          , Gs          , Gs          , Gs          , Gs          , Gs          , Gs          , Re          , Re          , Re          , Re          , Re          , Re          , Gs          , Gs          , Ww          , Gs          , Gs          , Gs^Fp       , Gs^Fp       , Gs^Fp       , Gs          , Gs          , Gs          , Gs          , Gs^Fp       
Gs          , Gs          , Gs          , Gs          , Hh          , Hh          , Gs          , Gs          , Gs          , Gs          , Ww          , Gs          , Gs          , Gs          , Gs          , Gs          , Gs          , Gs          , Gs          , Gs          , Gs          , Gs          , Gs          , Re          , Re          , Re          , Re          , Gs          , Ww          , Ww          , Hh          , Gs          , Gs          , Gs          , Gs^Fp       , Gs^Fp       , Gs          , Gs          , Hh          , Gs          
Gs          , Gs          , Gs          , Gs          , Gs          , Hh          , Gs          , Gs          , Gs          , Ww          , Ww          , Ww          , Gs          , Gs          , Gs          , Gs          , Gs          , Gs          , Gs          , Ce          , Gs          , Gs          , Gs          , Gs^Vht      , Re          , Gs          , Gs          , Gs^Vht      , Ww          , Ww          , Ww          , Hh          , Hh^Fp       , Hh^Fp       , Ww          , Ww          , Ww          , Gs          , Hh          , Hh          
Hh          , Gs          , Gs          , Gs          , Gs          , Gs          , Gs          , Gs          , Gs          , Ww          , Ww          , Ww          , Gs          , Gs          , Gs          , Gs          , Gs          , Gs          , Ce          , 1 Ke        , Ce          , Gs          , Gs          , Gs          , Gs          , Gs          , Gs          , Gs          , Gs          , Ww          , Ww          , Hh          , Ww          , Ww          , Ww          , Ww          , Ww          , Ww          , Ww          , Gs          
Hh          , Hh          , Gs          , Gs          , Gs          , Gs          , Gs          , Gs          , Gs          , Ww          , Gs          , Gs          , Gs          , Gs          , Gs          , Gs          , Gs          , Gs          , Gs          , Ce          , Gs          , Gs          , Gs          , Gs          , Gs          , Gs          , Gs          , Gs          , Gs          , Ww          , Ww          , Ww          , Gs^Fp       , Gs^Fp       , Gs^Fp       , Gs^Fp       , Gs          , Ww          , Hh          , Ww          
Hh          , Hh          , Gs          , Gs          , Gs          , Gs          , Gs          , Gs          , Ww          , Ww          , Gs          , Gs          , Gs          , Gs          , Gs          , Gs          , Gs          , Gs          , Gs          , Gs          , Gs          , Gs          , Gs          , Gs          , Gs          , Gs          , Gs          , Gs          , Gs^Fp       , Gs          , Gs          , Gs^Fp       , Gs^Fp       , Gs^Fp       , Hh          , Gs^Fp       , Hh          , Ww          , Hh          , Hh          
Gs          , Gs          , Gs          , Gs          , Hh          , Hh          , Hh          , Gs          , Ww          , Gs          , Gs          , Gs          , Gs          , Gs          , Gs          , Gs          , Gs          , Gs          , Gs          , Gs          , Gs          , Gs          , Gs          , Gs          , Gs          , Gs          , Gs          , Gs          , Gs          , Gs          , Gs          , Gs          , Gs          , Gs^Fp       , Gs          , Gs^Fp       , Gs          , Ww          , Ww          , Hh          
Gs          , Gs          , Gs          , Gs          , Hh          , Hh          , Hh          , Gs          , Ww          , Gs          , Gs          , Gs          , Gs          , Gs          , Gs          , Gs          , Gs          , Gs          , Gs          , Gs          , Gs          , Gs          , Gs          , Gs          , Gs          , Gs          , Gs          , Gs^Fp       , Gs          , Gs          , Gs          , Gs          , Gs^Fp       , Gs          , Gs          , Gs^Fp       , Gs          , Ww          , Ww          , Hh          
Gs          , Gs          , Gs          , Gs          , Hh          , Hh          , Hh          , Gs          , Ww          , Ww          , Gs          , Gs          , Gs          , Gs          , Gs          , Gs          , Gs          , Gs          , Gs          , Gs          , Gs          , Gs          , Gs          , Gs          , Gs          , Gs          , Gs          , Gs          , Gs          , Gs          , Gs          , Gs          , Gs^Fp       , Gs^Fp       , Gs          , Gs          , Hh          , Hh          , Ww          , Ww          
Gs          , Gs          , Gs          , Gs          , Hh          , Hh          , Hh          , Gs          , Ww          , Ww          , Gs          , Gs          , Gs          , Gs          , Gs          , Gs          , Gs          , Gs          , Gs          , Gs          , Gs          , Gs          , Gs          , Gs          , Gs          , Gs          , Gs          , Gs          , Gs          , Gs          , Gs          , Gs          , Gs          , Gs          , Gs          , Gs          , Gs          , Hh          , Gs^Fp       , Ww          
Gs          , Gs          , Gs          , Gs          , Hh          , Hh          , Hh          , Gs          , Ww          , Gs          , Gs          , Gs          , Gs          , Gs          , Gs          , Gs          , Gs          , Gs          , Gs          , Gs          , Gs          , Gs          , Gs          , Gs          , Gs          , Gs          , Gs          , Gs^Fp       , Gs          , Gs          , Gs          , Gs          , Gs^Fp       , Gs^Fp       , Gs          , Gs          , Gs^Fp       , Gs^Fp       , Gs^Fp       , Gs^Fp       
Gs          , Gs          , Gs          , Gs          , Hh          , Hh          , Hh          , Gs          , Ww          , Gs          , Gs          , Gs          , Gs          , Gs          , Gs          , Gs          , Gs          , Gs          , Gs          , Gs          , Gs          , Gs          , Gs          , Gs          , Gs          , Gs          , Gs          , Gs^Fp       , Gs          , Gs          , Gs          , Gs          , Gs^Fp       , Gs^Fp       , Gs^Fp       , Gs          , Gs          , Gs^Fp       , Gs^Fp       , Hh          
Gs          , Gs          , Gs          , Gs          , Hh          , Hh          , Hh          , Ww          , Gs          , Ww          , Gs          , Gs          , Gs          , Gs          , Gs          , Gs          , Gs          , Gs          , Gs          , Gs          , Gs          , Gs          , Gs          , Gs          , Gs          , Gs          , Gs          , Gs          , Gs^Fp       , Gs^Fp       , Gs^Fp       , Gs^Fp       , Hh          , Hh^Fp       , Gs^Fp       , Gs^Fp       , Gs          , Gs          , Gs          , Gs          
Gs          , Gs          , Gs          , Gs          , Gs          , Hh          , Gs          , Ww          , Gs          , Ww          , Ww          , Gs          , Gs          , Gs          , Gs          , Gs          , Gs          , Gs          , Gs          , Gs          , Gs          , Gs          , Gs          , Gs          , Gs          , Gs          , Gs          , Gs^Fp       , Gs          , Gs          , Gs          , Hh^Fp       , Hh          , Gs^Fp       , Gs^Fp       , Hh^Fp       , Gs          , Hh          , Hh          , Hh          
Gs          , Gs          , Gs          , Gs          , Gs          , Gs          , Gs          , Ww          , Gs          , Gs          , Gs          , Ww          , Gs          , Gs          , Gs          , Gs          , Gs          , Gs          , Gs          , Gs          , Gs          , Gs          , Gs          , Gs          , Gs          , Gs          , Gs          , Gs          , Gs          , Gs^Fp       , Gs^Fp       , Gs^Fp       , Gs^Fp       , Gs^Fp       , Hh          , Hh^Fp       , Hh          , Hh          , Hh          , Hh          
Gs          , Gs          , Gs          , Gs          , Gs          , Gs          , Gs          , Ww          , Ww          , Gs          , Gs          , Ww          , Ww          , Gs          , Gs          , Gs          , Gs          , Gs          , Gs          , Gs          , Gs          , Gs          , Gs          , Gs          , Gs          , Gs          , Gs          , Gs^Fp       , Gs^Fp       , Gs          , Gs^Fp       , Gs^Fp       , Gs          , Hh^Fp       , Gs^Fp       , Hh^Fp       , Hh          , Hh          , Gs^Fp       , Gs          
Hh          , Gs          , Gs          , Gs          , Gs          , Gs          , Gs          , Gs          , Ww          , Ww          , Ww          , Ww          , Ww          , Ww          , Ss          , Gs          , Gs          , Gs          , Gs          , Gs          , Ss          , Gs          , Ww          , Ww          , Ww          , Gs^Fp       , Gs^Fp       , Gs^Fp       , Ss          , Gs^Fp       , Gs^Fp       , Gs          , Gs^Fp       , Gs^Fp       , Gs^Fp       , Hh^Fp       , Gs          , Gs          , Gs^Fp       , Gs          
Hh          , Hh          , Hh          , Gs          , Gs          , Gs          , Gs          , Ww          , Hh          , Ww          , Ww          , Ww          , Gs          , Ss          , Ww          , Gs          , Gs          , Gs          , Ss          , Ww          , Ss          , Ss          , Hh^Fp       , Ss          , Ss          , Ww          , Ww          , Ss          , Ss          , Gs^Fp       , Gs^Fp       , Gs          , Hh^Fp       , Gs^Fp       , Gs^Fp       , Gs^Fp       , Hh^Fp       , Hh^Fp       , Hh^Fp       , Gs^Fp       
Hh          , Hh          , Hh          , Gs          , Gs          , Gs          , Gs          , Ww          , Hh          , Hh          , Ss          , Ww          , Ww          , Ss          , Ww          , Ww          , Ww          , Ww          , Ss^Vhs      , Ww          , Ww          , Ss          , Ss          , Re          , Re          , Re          , Ss          , Ss          , Ss          , Ss          , Gs^Fp       , Hh^Fp       , Hh^Fp       , Gs^Fp       , Hh^Fp       , Hh^Fp       , Hh^Fp       , Hh^Fp       , Hh^Fp       , Gs          
Gs          , Hh          , Gs          , Gs          , Gs          , Gs          , Gs          , Ww          , Gs          , Gs          , Ss          , Ss          , Ww          , Ww          , Gs^Fp       , Ss^Vhs      , Ww          , Ww          , Gs^Fp       , Gs^Fp       , Re          , Ww          , Wwf         , Re          , Re          , Ss          , Ss          , Ss          , Ss          , Ss          , Hh^Fp       , Hh          , Hh^Fp       , Hh^Fp       , Gs^Fp       , Hh^Fp       , Gs          , Hh^Fp       , Hh          , Hh          
Gs          , Gs          , Gs          , Gs          , Gs          , Gs          , Gs          , Ww          , Ww          , Gs          , Ss          , Ww          , Ss          , Ss          , Hh          , Gs^Fp       , Ww          , Ww          , Gs^Fp       , Hh          , Gs          , Ss^Fp       , Ss^Fp       , Ss          , Ss          , Ss          , Gs^Fp       , Re          , Ss          , Re          , Gs^Fp       , Hh^Fp       , Hh^Fp       , Hh          , Hh          , Hh^Fp       , Gs^Fp       , Hh          , Hh          , Hh          
Gs          , Gs          , Gs          , Gs          , Gs          , Gs          , Ss          , Ss          , Ww          , Ss          , Ss          , Ww          , Ww          , Ss          , Ss          , Re          , Ww          , Ss          , Ss          , Gs^Fp       , Gs          , Re          , Ss          , Wwf         , Gs^Fp       , Gs^Fp       , Gs^Fp       , Ss          , Ss          , Ss          , Gs          , Gs^Fp       , Gs          , Hh          , Hh          , Hh^Fp       , Hh^Fp       , Gs          , Hh^Fp       , Gs^Fp       
Gs          , Gs          , Gs          , Gs          , Gs          , Gs          , Ss          , Ss          , Ww          , Ss          , Ss          , Wwf         , Ss          , Ww          , Ss          , Ss          , Wwf         , Ss          , Ss          , Ss          , Ss          , Re          , Ss          , Wwf         , Hh          , Hh^Fp       , Re          , Ss          , Ss          , Ss          , Re          , Gs          , Gs^Fp       , Hh^Fp       , Hh^Fp       , Hh^Fp       , Gs^Fp       , Hh^Fp       , Hh^Fp       , Hh^Fp       
Gs          , Gs          , Gs          , Gs          , Ss          , Gs          , Gs          , Ss          , Ww          , Ss          , Gs^Fp       , Gs^Fp       , Gs^Fp       , Gs^Fp       , Ss          , Ss          , Ww          , Ss          , Ss          , Ss          , Hh          , Gs^Fp       , Ss          , Ss          , Re          , Gs          , Gs^Fp       , Ss^Fp       , Ss          , Ss          , Ss          , Re          , Ss          , Ss          , Gs^Fp       , Gs^Fp       , Gs^Fp       , Gs^Fp       , Hh^Fp       , Hh^Fp       
Ss          , Gs          , Ss          , Gs          , Ss          , Gs          , Gs          , Gs          , Ww          , Ss          , Ss          , Gs^Fp       , Gs          , Hh          , Hh^Fp       , Ss^Fp       , Ss^Fp       , Ss          , Wwf         , Hh^Fp       , Hh^Fp       , Hh          , Ss          , Ss          , Re          , Re          , Ss^Fp       , Ss^Fp       , Ss          , Ss^Fp       , Ss          , Ss          , Ss          , Ss          , Ss          , Ss          , Gs^Fp       , Hh          , Hh          , Hh          
Ss          , Ss          , Gs          , Gs          , Gs          , Gs          , Hh          , Gs          , Hh          , Ss          , Ss          , Gs^Fp       , Gs          , Hh          , Hh^Fp       , Ss^Fp       , Ss^Fp       , Ss          , Wwf         , Wwf         , Re          , Hh          , Ss          , Ss          , Ss          , Ss          , Ss          , Ss          , Ss          , Ss^Fp       , Ss          , Re          , Ss          , Ss          , Ss          , Ss          , Gs^Fp       , Gs^Fp       , Hh          , Hh          
Gs          , Gs          , Gs          , Ss          , Gs          , Hh          , Gs          , Gs          , Hh          , Hh          , Ss          , Gs^Fp       , Re          , Hh^Fp       , Gs          , Hh          , Ss          , Ss          , Ss          , Ss          , Ss          , Ss          , Ss          , Ss^Fp       , Ss^Fp       , Ss          , Hh          , Hh          , Hh          , Wwf         , Wwf         , Ss          , Ss          , Gs^Fp       , Gs^Fp       , Gs^Fp       , Hh^Fp       , Gs          , Hh^Fp       , Gs          
Ss          , Ss          , Ss          , Gs          , Ss          , Gs          , Hh          , Hh          , Hh          , Hh          , Ss          , Ss          , Ss          , Gs          , Ss^Fp       , Ss          , Ss          , Ss          , Ss^Fp       , Hh^Fp       , Hh^Fp       , Hh          , Hh          , Ss^Fp       , Ss          , Hh          , Hh          , Hh          , Hh          , Wwf         , Ss          , Ss          , Ss          , Hh          , Hh          , Hh^Fp       , Gs^Fp       , Hh^Fp       , Gs          , Gs          
Ss          , Ss          , Gs          , Gs          , Ss          , Ss          , Ss          , Hh          , Ss          , Ss          , Ss          , Wwf         , Ss          , Ss          , Ss          , Ss          , Ss          , Ss^Fp       , Ss^Fp       , Hh^Fp       , Hh          , Hh          , Hh^Fp       , Ss          , Ss          , Hh          , Hh          , Mm          , Hh          , Ss          , Hh          , Hh          , Hh          , Mm          , Mm          , Hh          , Re          , Gs          , Gs^Fp       , Gs^Fp       
Gs          , Gs          , Gs^Fp       , Gs^Fp       , Ss          , Ss          , Ss          , Ss          , Ss          , Ss          , Hh          , Hh          , Re          , Hh          , Hh          , Ss          , Hh          , Ss          , Hh          , Hh          , Hh          , Mm          , Hh          , Ss          , Wwf         , Ss          , Hh          , Hh          , Ss          , Ss          , Hh          , Hh          , Mm          , Mm          , Mm          , Hh          , Re          , Gs^Fp       , Gs^Fp       , Gs^Fp       
Gs          , Hh^Fp       , Gs^Fp       , Hh^Fp       , Hh          , Ss          , Hh          , Ss          , Ss          , Ss          , Hh          , Gs          , Gs          , Hh          , Hh          , Hh          , Hh          , Ss          , Ss          , Ss          , Ss          , Hh          , Hh          , Ss          , Wwf         , Ss          , Ss          , Ss          , Ss          , Ss          , Ss          , Ss          , Hh          , Mm          , Mm          , Mm          , Gs^Fp       , Gs          , Hh          , Gs          
Gs          , Hh^Fp       , Hh^Fp       , Ss          , Hh          , Hh          , Hh          , Ss          , Ss          , Ss          , Hh          , Gs          , Hh          , Hh          , Mm          , Mm          , Hh          , Ss          , Ss          , Ss          , Ss          , Ss          , Ss          , Ss          , Hh          , Hh          , Hh          , Ss          , Ss          , Ss          , Hh          , Ss          , Hh          , Mm          , Mm          , Mm          , Gs^Fp       , Gs          , Hh          , Hh          
Gs          , Gs          , Gs          , Gs          , Hh          , Mm          , Ss          , Ss          , Ss          , Ss          , Hh          , Hh          , Hh          , Hh          , Hh          , Hh          , Hh          , Ss          , Ss          , Ss          , Hh          , Hh          , Hh          , Hh          , Mm          , Mm          , Mm          , Hh          , Hh          , Ss          , Hh          , Hh          , Hh          , Hh          , Hh          , Hh          , Hh          , Hh          , Hh          , Hh          
Gs          , Gs          , Hh^Fp       , Gs          , Hh^Fp       , Gs          , Ss          , Ss          , Ss          , Re          , Re          , Ss          , Ss          , Ss          , Ss          , Hh^Fp       , Hh^Fp       , Re          , Ss          , Ss          , Ss          , Ss          , Ss          , Re          , Gs^Fp       , Re          , Re          , Gs          , Gs^Fp       , Ss          , Ss          , Gs          , Gs^Fp       , Gs^Fp       , Hh^Fp       , Hh^Fp       , Hh          , Hh          , Hh          , Hh          
Gs          , Gs          , Hh^Fp       , Hh^Fp       , Gs^Fp       , Ss          , Gs          , Re          , Re          , Ss          , Gs          , Hh^Fp       , Hh^Fp       , Re          , Gs^Fp       , Hh^Fp       , Re          , Ss          , Gs^Fp       , Gs^Fp       , Gs^Fp       , Ss          , Ss          , Re          , Hh          , Hh          , Hh          , Gs^Fp       , Gs^Fp       , Gs^Fp       , Gs^Fp       , Re          , Gs          , Gs          , Hh^Fp       , Hh^Fp       , Hh          , Hh          , Hh          , Hh          
Gs          , Gs          , Gs          , Hh^Fp       , Gs^Fp       , Gs^Fp       , Hh^Fp       , Hh^Fp       , Gs^Fp       , Gs          , Gs^Fp       , Hh^Fp       , Hh^Fp       , Gs^Fp       , Gs^Fp       , Gs          , Gs^Fp       , Ss          , Gs^Fp       , Gs^Fp       , Gs          , Re          , Re          , Gs^Fp       , Gs          , Hh          , Mm          , Hh          , Gs^Fp       , Gs^Fp       , Gs^Fp       , Gs          , Re          , Hh          , Hh          , Hh          , Hh          , Hh          , Mm          , Hh          
Hh          , Gs          , Hh          , Gs          , Gs^Fp       , Gs^Fp       , Gs          , Hh^Fp       , Gs          , Gs^Fp       , Gs^Fp       , Gs          , Hh          , Gs^Fp       , Gs^Fp       , Gs^Fp       , Gs          , Gs          , Re          , Gs^Fp       , Gs          , Gs^Fp       , Gs^Fp       , Gs          , Hh          , Hh          , Gs          , Hh          , Re          , Gs^Fp       , Hh^Fp       , Hh^Fp       , Hh^Fp       , Hh          , Mm          , Mm          , Mm          , Mm          , Hh          , Re          
Gs          , Hh          , Hh          , Hh          , Gs^Fp       , Gs          , Hh^Fp       , Gs          , Gs          , Hh          , Gs          , Gs          , Hh          , Hh          , Hh^Fp       , Hh^Fp       , Hh          , Gs^Fp       , Gs^Fp       , Gs          , Gs^Fp       , Gs^Fp       , Hh          , Hh          , Mm          , Hh          , Gs          , Gs          , Re          , Re          , Hh^Fp       , Hh^Fp       , Hh          , Hh          , Mm          , Mm          , Mm          , Mm          , Gs^Fp       , Gs^Fp       
Hh          , Hh          , Mm          , Mm          , Mm          , Gs^Fp       , Hh^Fp       , Hh^Fp       , Hh^Fp       , Hh          , Gs          , Gs          , Gs          , Hh^Fp       , Hh^Fp       , Hh          , Hh          , Hh          , Hh          , Hh^Fp       , Hh^Fp       , Hh          , Mm          , Mm          , Mm          , Hh          , Hh          , Gs^Fp       , Gs^Fp       , Hh          , Hh          , Hh          , Mm          , Mm          , Mm          , Mm          , Mm          , Mm          , Gs^Fp       , Gs^Fp       
Gs          , Mm          , Mm          , Mm          , Mm          , Mm          , Hh          , Hh^Fp       , Gs^Fp       , Gs          , Rd          , Rd          , Rd          , Hh          , Gs^Fp       , Hh          , Mm          , Mm          , Mm          , Hh^Fp       , Hh^Fp       , Hh          , Hh          , Mm          , Gs          , Hh          , Hh^Fp       , Gs^Fp       , Hh          , Hh          , Mm          , Mm          , Mm          , Mm          , Hh          , Mm          , Hh^Fp       , Hh          , Gs^Fp       , Hh          
Gs          , Gs          , Hh          , Mm          , Hh          , Hh          , Gs^Fp       , Gs^Fp       , Hh          , Gs          , Rd          , Rd          , Rd          , Gs          , Hh          , Hh          , Hh          , Hh          , Mm          , Hh          , Gs^Fp       , Gs^Fp       , Gs^Fp       , Gs^Fp       , Gs^Fp       , Hh^Fp       , Hh^Fp       , Hh^Fp       , Hh          , Hh          , Hh          , Mm          , Mm          , Mm          , Hh          , Hh^Fp       , Hh^Fp       , Gs^Fp       , Hh          , Hh          
Gs          , Gs          , Gs          , Hh          , Gs          , Hh          , Gs          , Gs^Fp       , Gs          , Hh          , Re          , Rd          , Re          , Rd          , Rd          , Hh          , Gs          , Hh          , Hh          , Gs          , Gs          , Gs          , Gs^Fp       , Gs^Fp       , Gs          , Gs          , Hh^Fp       , Hh^Fp       , Hh^Fp       , Gs          , Gs          , Hh          , Hh          , Mm          , Gs          , Hh^Fp       , Hh^Fp       , Gs^Fp       , Hh          , Hh          
