border_size=1
usage=map

Dd          , Dd          , Dd          , Dd          , Dd          , Dd          , Dd          , Dd          , Dd          , Dd          , Dd          , Dd          , Dd          , Dd          , Dd          , Dd          , Dd          , Gs          , Dd          , Dd          , Dd          , Gs          , Gs          , Dd          , Dd          , Gs          , Gs          , Gs          , Dd          , Dd          , Dd          , Dd          , Dd          , Gs          , Gs          , Gs          , Dd          , Dd          , Dd          , Dd          , Gs          , Re          , Gs^Fdw      , Gs^Fdw      , Gs^Fdw      , Re          , Re          , Gs^Fdw      , Gs^Fdw      , Re          , Re          , Gs^Fdw      
Dd          , Dd          , Dd          , Dd          , Dd          , Hd          , Hd          , Hd          , Hd          , Dd          , Dd          , Dd          , Dd          , Dd          , Dd          , Dd          , Gs          , Dd          , Dd          , Dd          , Dd          , Dd          , Dd          , Dd          , Dd          , Dd          , Dd          , Dd          , Dd          , Dd          , Gs          , Dd          , Dd          , Dd          , Dd          , Gs          , Dd          , Dd          , Gs          , Gs          , Dd          , Re          , Re          , Gs^Fdw      , Hh          , Hh          , Gs          , Gs^Fdw      , Re          , Hh          , Re          , Gs^Fdw      
Dd          , Dd          , Dd          , Dd          , Dd          , Dd          , Dd          , Dd          , Hd          , Dd          , Dd          , Dd          , Dd          , Dd          , Dd          , Dd          , Gs          , Gs          , Dd          , Gs          , Dd          , Dd          , Dd          , Dd          , Dd          , Dd          , Dd          , Dd          , Dd          , Dd          , Dd          , Gs          , Dd          , Hd          , Hd          , Dd          , Dd          , Dd^Vdt      , Gs          , Gs          , Dd          , Gs          , Gs          , Gs          , Gs          , Gs          , Hh          , Re          , Re          , Hh          , Gs^Fdw      , Gs^Fdw      
Dd          , Dd          , Hd          , Hd          , Dd          , Dd          , Dd          , Dd          , Dd          , Dd          , Dd          , Dd          , Dd          , Dd          , Dd          , Gs          , Gs          , Gs          , Dd          , Dd          , Gs          , Dd          , Dd          , Dd          , Hd          , Hd          , Dd          , Dd          , Dd          , Gs          , Gs          , Dd          , Dd          , Hd          , Dd          , Dd          , Dd          , Dd          , Gs          , Gs          , Dd          , Gs          , Dd          , Gs          , Gs          , Dd          , Hh          , Gs          , Gs          , Gs^Fdw      , Re          , Gs^Fdw      
Dd          , Dd          , Dd          , Hd          , Dd          , Dd          , Dd          , Dd          , Dd          , Dd          , Dd          , Dd          , Dd          , Dd          , Gs          , Dd          , Dd          , Dd          , Dd          , Dd          , Gs          , Gs          , Dd          , Dd          , Dd          , Hd          , Dd          , Dd          , Dd          , Gs          , Dd          , Dd          , Gs          , Gs          , Gs          , Dd          , Gs          , Dd          , Gs          , Dd          , Dd          , Dd          , Gs          , Gs          , Dd          , Gs          , Dd          , Dd          , Hh          , Gs          , Re          , Gs^Fdw      
Dd          , Dd          , Dd          , Dd          , Gs          , Dd          , Gs          , Dd          , Dd          , Hd          , Hd          , Dd          , Dd          , Dd          , Dd          , Dd          , Dd          , Dd          , Dd          , Dd          , Gs          , Gs          , Dd          , Dd          , Dd          , Dd          , Dd          , Dd          , Dd          , Dd          , Gs          , Gs          , Dd          , Dd          , Dd          , Dd          , Dd          , Dd          , Dd          , Dd          , Hd          , Dd          , Gs          , Gs          , Dd          , Dd          , Dd          , Dd          , Re          , Hh          , Gs          , Re          
Gs          , Dd          , Dd          , Dd          , Dd          , Gs          , Gs          , Dd          , Dd          , Dd          , Dd          , Dd          , Dd          , Dd          , Gs          , Dd          , Dd          , Dd          , Dd          , Dd          , Dd          , Dd          , Dd          , Dd          , Dd          , Gs          , Gs          , Gs          , Gs          , Dd          , Dd          , Dd          , Gs          , Dd          , Gs          , Gs          , Gs          , Dd          , Dd          , Hd          , Hd          , Dd          , Gs          , Dd          , Dd          , Dd          , Gs          , Dd          , Gs          , Gs          , Dd          , Gs          
Gs          , Gs          , Gs          , Dd          , Dd          , Dd          , Dd          , Dd          , Dd          , Dd          , Dd          , Dd          , Dd          , Dd          , Gs          , Dd          , Dd          , Dd          , Dd          , Dd          , Dd          , Dd          , Dd          , Gs          , Gs          , Gs          , Gs          , Gs          , Gs          , Dd          , Hh          , Hh          , Hh          , Dd^Vdt      , Gs          , Gs          , Ke          , Gs          , Gs          , Dd          , Dd          , Dd          , Gs          , Gs          , Dd          , Dd          , Dd          , Gs          , Dd          , Dd          , Dd          , Gs          
Gs          , Gs          , Gs          , Gs          , Dd          , Dd          , Dd          , Dd          , Dd          , Dd          , Gs          , Dd          , Dd          , Dd          , Dd          , Dd          , Dd          , Gs          , Gs          , Dd          , Gs          , Dd          , Dd          , Dd          , Gs          , Gs          , Gs          , Gs          , Gs          , Dd          , Dd          , Hh          , Ww          , Gs          , Gs          , Ce          , Ce          , Ce          , Gs          , Dd^Vdt      , Dd          , Dd          , Dd          , Dd          , Dd          , Dd          , Dd          , Dd          , Dd          , Dd          , Dd          , Dd          
Gs          , Gs          , Gs          , Gs          , Gs          , Gs          , Dd          , Dd          , Dd          , Gs          , Gs          , Gs          , Gs          , Dd          , Gs          , Dd          , Dd          , Gs          , Gs          , Gs          , Dd          , Dd          , Dd          , Dd          , Dd          , Gs          , Gs          , Gs          , Gs          , Dd          , Dd          , Hh          , Gs          , Gs          , Gs          , Gs          , Gs          , Gs          , Hh          , Hh          , Gs          , Dd          , Dd          , Dd          , Dd          , Hd          , Hd          , Hd          , Dd          , Dd          , Dd          , Dd          
Dd          , Dd          , Dd          , Gs          , Gs          , Gs          , Gs          , Gs          , Gs          , Gs          , Gs          , Gs          , Gs          , Gs          , Gs          , Gs          , Dd          , Dd          , Dd          , Gs          , Dd          , Dd          , Dd          , Dd          , Dd          , Dd          , Dd          , Dd          , Gs          , Dd          , Dd          , Hh          , Dd          , Gs^Fdw      , Gs^Fdw      , Gs          , Gs          , Hh          , Hh          , Hh          , Dd          , Dd          , Gs          , Dd          , Gs          , Dd          , Dd          , Hd          , Dd          , Dd          , Dd          , Dd          
Gs          , Dd          , Dd          , Dd          , Gs          , Gs          , Dd          , Gs          , Dd          , Gs          , Dd          , Gs          , Dd          , Gs          , Dd          , Gs          , Dd          , Dd          , Dd          , Dd          , Dd          , Gs          , Dd          , Dd          , Gs          , Dd          , Gs          , Gs          , Gs          , Gs          , Dd          , Dd          , Dd          , Gs^Fdw      , Gs          , Gs          , Hh          , Gs          , Ww          , Dd          , Dd          , Gs          , Hh          , Gs          , Gs          , Gs          , Gs          , Dd          , Gs          , Gs          , Gs          , Dd          
Hh          , Gs          , Hh          , Dd          , Dd          , Gs          , Dd          , Dd          , Gs          , Dd          , Gs          , Dd          , Dd          , Dd          , Gs          , Dd          , Dd          , Dd          , Gs          , Dd          , Dd          , Gs          , Dd          , Dd          , Dd          , Dd          , Dd          , Gs          , Dd          , Dd          , Hd          , Dd          , Gs          , Dd          , Gs          , Dd          , Gs          , Dd          , Ww          , Ww          , Gs          , Gs          , Hh          , Hh          , Gs          , Dd^Vdt      , Dd          , Dd          , Dd          , Gs          , Dd          , Gs          
Hh          , Hh          , Hh          , Gs          , Dd          , Dd          , Gs          , Gs          , Gs          , Gs          , Dd          , Dd          , Gs          , Dd          , Dd          , Dd          , Dd          , Hh          , Gs          , Dd          , Dd          , Gs          , Dd          , Hd          , Md          , Hd          , Hd          , Dd          , Dd          , Dd          , Hd          , Hh          , Hh          , Gs          , Gs          , Gs          , Gs          , Hh          , Hh          , Hh          , Hh          , Hh          , Hh          , Gs          , Dd          , Dd          , Dd          , Dd          , Dd          , Dd          , Dd          , Dd          
Gs          , Hh          , Gs          , Gs          , Dd          , Dd          , Dd          , Gs          , Gs          , Dd          , Ww          , Dd          , Dd          , Gs          , Dd          , Gs          , Dd          , Dd          , Gs          , Dd          , Hh          , Dd          , Dd          , Hd          , Md          , Dd          , Dd          , Dd          , Dd          , Dd          , Dd          , Dd          , Mm          , Hh          , Mm          , Gs          , Hh          , Hh          , Mm          , Mm          , Mm          , Mm          , Hd          , Dd          , Dd          , Dd          , Gs          , Dd          , Dd          , Dd          , Gs          , Dd          
Dd          , Gs          , Gs          , Gs          , Gs          , Dd          , Dd          , Dd          , Dd          , Dd          , Hh          , Dd^Vdt      , Gs          , Dd          , Gs          , Dd          , Gs          , Gs          , Dd          , Dd          , Hh          , Hh          , Dd          , Hd          , Dd          , Gs          , Gs          , Dd          , Gs          , Gs          , Dd          , Dd          , Dd          , Mm          , Hd          , Mm          , Hd          , Mm          , Hd          , Mm          , Dd          , Hd          , Hd          , Dd          , Dd          , Gs          , Gs          , Dd          , Dd          , Dd          , Gs          , Gs          
Gs          , Dd          , Dd          , Gs          , Gs          , Gs          , Gs          , Dd          , Dd          , Dd          , Hh          , Hh          , Hh          , Gs          , Dd          , Dd          , Gs          , Dd          , Gs          , Gs          , Gs          , Hh          , Dd          , Dd          , Dd          , Dd          , Gs          , Gs          , Gs          , Dd          , Dd          , Gs          , Gs          , Dd          , Dd          , Dd          , Dd          , Dd          , Dd          , Dd          , Gs          , Dd          , Gs          , Dd          , Gs          , Dd          , Dd          , Dd          , Dd          , Dd          , Dd          , Dd          
Dd          , Dd          , Dd          , Gs          , Gs          , Gs          , Gs          , Gs          , Dd          , Dd          , Gs          , Hh          , Gs          , Dd          , Dd          , Dd          , Dd^Vdt      , Dd          , Dd          , Gs          , Gs          , Gs          , Dd          , Gs          , Dd          , Gs          , Gs          , Gs          , Dd          , Dd          , Gs          , Dd          , Dd^Vdt      , Dd          , Dd          , Gs          , Dd          , Gs          , Dd          , Dd          , Gs          , Dd          , Gs          , Dd          , Gs          , Dd          , Dd          , Dd          , Dd          , Dd          , Dd          , Dd          
Gs          , Dd          , Gs          , Dd          , Gs          , Gs          , Gs          , Dd          , Dd          , Dd          , Dd          , Gs          , Dd          , Dd          , Dd          , Dd          , Dd          , Dd          , Gs          , Dd          , Dd          , Dd          , Dd^Vdt      , Dd          , Dd          , Dd          , Dd          , Dd          , Dd          , Dd          , Gs          , Dd          , Dd          , Dd          , Gs          , Dd          , Dd          , Dd          , Gs          , Dd          , Dd          , Dd          , Dd          , Dd          , Gs          , Dd          , Dd          , Dd          , Dd          , Dd          , Dd          , Dd          
Dd          , Gs          , Gs          , Gs          , Gs          , Gs          , Gs          , Gs          , Dd          , Dd          , Dd          , Dd          , Gs          , Gs          , Gs          , Dd          , Dd          , Gs          , Gs          , Dd          , Dd          , Dd          , Dd          , Dd          , Gs^Fdw      , Hh          , Gs          , Dd          , Dd          , Gs          , Gs          , Dd          , Dd          , Gs          , Gs          , Hh          , Hh          , Gs          , Gs          , Dd^Vdt      , Dd          , Dd          , Dd          , Gs          , Dd          , Dd          , Gs          , Dd          , Dd          , Dd          , Dd          , Dd          
Dd          , Dd          , Dd          , Gs          , Dd          , Gs          , Dd          , Dd          , Dd          , Gs          , Dd          , Dd          , Gs          , Hh          , Hh          , Gs          , Gs          , Dd          , Gs          , Gs          , Gs          , Dd          , Dd          , Dd          , Gs          , Gs^Fdw      , Dd          , Dd          , Hh          , Hh          , Hh          , Dd          , Dd          , Dd          , Dd          , Hh          , Gs          , Gs          , Gs          , Gs          , Dd          , Dd          , Dd          , Dd          , Dd          , Dd          , Dd          , Dd          , Dd          , Gs          , Gs          , Dd          
Gs          , Dd          , Gs          , Dd          , Dd          , Dd          , Dd          , Dd          , Gs          , Dd          , Dd          , Gs          , Gs          , Gs          , Gs          , Gs          , Gs          , Gs          , Re          , Gs          , Gs          , Dd          , Dd          , Gs          , Gs          , Gs          , Dd          , Gs          , Gs          , Mm          , Gs          , Gs          , Gs          , Dd          , Dd          , Dd          , Dd          , Dd          , Dd          , Dd          , Dd          , Dd          , Gs          , Dd          , Dd          , Dd          , Dd          , Dd          , Dd          , Dd          , Dd          , Gs          
Dd          , Gs          , Gs          , Gs          , Dd          , Dd          , Dd          , Dd          , Dd          , Dd          , Dd          , Gs          , Dd          , Dd          , Dd          , Gs          , Gs          , Gs          , Re          , Gs          , Gs          , Gs          , Gs          , Gs          , 1 Gs        , Gs          , Dd          , Gs          , Gs          , Hh          , Dd          , Dd          , Dd          , Dd          , Gs          , Dd          , Gs          , Dd          , Dd          , Dd          , Dd          , Gs          , Gs          , Gs          , Gs          , Gs          , Dd          , Dd          , Dd          , Dd          , Dd          , Gs          
Dd          , Gs          , Gs          , Gs          , Dd          , Gs          , Gs          , Dd          , Dd          , Dd          , Gs          , Dd          , Gs          , Dd          , Gs          , Re          , Re          , Re          , Re^Vct      , Re          , Re          , Re          , Gs          , Gs          , Gs          , Dd          , Dd          , Gs          , Gs^Fdw      , Dd          , Dd^Vdt      , Hd          , Hd          , Gs          , Hh          , Gs          , Dd          , Dd          , Gs          , Dd          , Gs          , Dd          , Gs          , Gs          , Dd          , Dd          , Gs          , Dd          , Dd          , Dd          , Dd          , Dd          
Dd          , Dd          , Gs          , Gs          , Gs          , Gs          , Dd          , Dd          , Gs          , Dd^Vdt      , Dd          , Dd          , Gs          , Re          , Re          , Re          , Re^Vct      , Re          , Re          , Re          , Re^Vct      , Re          , 2 Re        , Gs          , Dd          , Dd          , Dd          , Gs^Fdw      , Gs^Fdw      , Hd          , Md          , Md          , Gs          , Gs          , Dd          , Dd          , Hh          , Hh          , Gs          , Gs          , Dd          , Gs          , Gs          , Dd          , Gs          , Gs          , Gs          , Dd          , Dd          , Dd          , Dd          , Dd          
Dd          , Dd          , Dd          , Gs          , Dd          , Dd          , Gs^Fdw      , Gs^Fdw      , Gs          , Gs          , Gs          , Dd          , Gs          , Gs          , Re          , Re          , Re          , Re          , Ww          , Ww          , Re          , Re          , Re          , Gs          , Dd          , Dd          , Gs          , Dd          , Gs          , Hd          , Hd          , Dd          , Dd          , Gs          , Dd          , Gs          , Gs          , Hh          , Dd          , Dd          , Dd          , Gs          , Gs          , Dd          , Dd          , Dd          , Dd          , Dd          , Dd          , Dd          , Dd          , Dd          
Dd          , Gs          , Dd          , Dd          , Gs          , Gs          , Gs          , Gs          , Gs          , Gs          , Gs          , Gs          , Gs          , Gs          , Re          , Ce          , Ce          , Re          , Re          , Ww          , Re^Vct      , Re          , Gs          , Gs          , Gs          , Gs          , Gs          , Gs          , Gs          , Gs          , Gs          , Dd          , Dd          , Dd          , Dd          , Gs          , Dd          , Dd          , Dd          , Gs          , Dd          , Dd          , Gs          , Gs          , Gs          , Dd          , Dd          , Dd          , Dd          , Dd          , Gs          , Gs          
Gs          , Dd          , Hd          , Hd          , Dd          , Dd          , Dd          , Gs          , Gs          , Gs          , Gs          , Gs          , Gs          , Gs          , Re          , Ke          , Ce          , Re          , Re          , Re          , Re          , Re          , Re          , Gs          , Gs          , Gs          , Gs          , Gs          , Gs          , Hh          , Hh          , Gs          , Dd          , Dd          , Dd          , Dd          , Dd          , Hd          , Hd          , Hd          , Dd          , Dd          , Gs          , Gs          , Gs          , Dd          , Dd          , Dd          , Dd          , Dd          , Gs          , Gs          
Dd          , Hd          , Hd          , Hd          , Dd          , Dd          , Dd          , Dd          , Dd          , Gs          , Gs          , Gs          , Gs          , Re          , Re          , Re          , Re          , Ce          , Re          , Re^Vct      , Re          , Gs          , Gs          , Gs          , Gs          , Gs          , Dd          , Gs          , Dd          , Hh          , Gs          , Hh          , Dd          , Gs          , Dd          , Dd          , Gs          , Gs          , Hd          , Hd          , Dd          , Dd          , Dd          , Dd          , Dd          , Gs          , Dd          , Dd          , Dd          , Dd          , Gs          , Gs          
Dd          , Hd          , Dd          , Gs          , Gs          , Gs          , Dd          , Dd          , Dd          , Dd          , Dd          , Gs          , Gs          , Gs          , Gs          , Gs          , Gs          , Re          , Gs          , Re          , Re          , Gs          , Gs          , Gs          , Gs          , Gs          , Dd          , Dd          , Hd          , Dd          , Dd          , Dd          , Dd          , Dd          , Gs          , Dd          , Dd          , Gs          , Gs          , Gs          , Dd          , Dd          , Dd          , Dd          , Dd          , Dd          , Dd          , Dd          , Dd          , Dd          , Dd          , Dd          
Dd          , Dd          , Dd          , Gs          , Gs          , Gs^Fdw      , Ww          , Ww          , Hh          , Gs          , Dd          , Dd          , Gs          , Gs          , Gs          , Gs          , Gs          , Gs          , Gs          , Re          , Gs          , Gs          , Gs          , Gs          , Gs          , Gs          , Gs          , Dd          , Hd          , Hd          , Hd          , Dd          , Gs          , Gs          , Hh          , Gs          , Gs          , Dd          , Dd          , Dd          , Dd          , Dd          , Gs          , Dd          , Gs          , Dd          , Dd          , Dd          , Dd          , Dd          , Dd          , Dd          
Gs          , Gs          , Dd          , Dd          , Dd          , Gs^Fdw      , Gs^Fdw      , Hh          , Hh          , Hh          , Gs          , Dd          , Gs          , Gs          , Gs          , Hh          , Hh          , Hh          , Gs          , Gs          , Gs          , Gs          , Gs          , Gs          , Gs          , Gs          , Gs          , Hd          , Hd          , Hd          , Gs          , Dd          , Dd          , Gs          , Hh          , Hh          , Gs          , Dd          , Dd          , Dd          , Dd          , Dd          , Gs          , Gs          , Gs          , Gs          , Dd          , Dd          , Dd          , Dd          , Dd          , Dd          
Dd          , Dd          , Gs          , Dd          , Dd          , Dd          , Dd          , Gs          , Gs          , Gs          , Gs          , Dd          , Dd          , Gs          , Gs          , Hh          , Gs          , Hh          , Dd          , Dd          , Dd          , Dd          , Dd          , Gs          , Dd          , Gs          , Dd          , Dd          , Gs          , Dd          , Dd          , Dd          , Ww          , Gs          , Gs          , Gs          , Dd          , Dd          , Dd          , Dd          , Gs          , Dd          , Gs          , Gs          , Dd          , Dd          , Dd          , Dd          , Dd          , Dd          , Dd          , Dd          
Dd          , Gs          , Gs          , Dd          , Dd          , Dd          , Gs          , Dd          , Gs          , Gs          , Gs          , Dd          , Dd          , Dd          , Dd          , Gs          , Gs          , Gs          , Gs          , Gs          , Gs          , Dd          , Dd          , Dd          , Dd          , Dd          , Gs          , Dd          , Dd          , Dd          , Dd          , Gs          , Dd          , Dd          , Dd          , Dd          , Dd          , Dd          , Gs          , Dd          , Gs          , Dd          , Gs          , Gs          , Dd          , Dd          , Dd          , Dd          , Dd          , Dd          , Dd          , Dd          
Gs          , Dd          , Dd          , Gs          , Dd          , Dd          , Dd          , Dd          , Dd          , Gs          , Dd          , Dd          , Gs          , Dd          , Gs^Fdw      , Dd          , Gs          , Gs          , Gs          , Gs          , Gs          , Dd          , Dd          , Gs^Fdw      , Gs^Fdw      , Dd          , Gs          , Gs          , Dd          , Gs          , Dd          , Dd          , Dd          , Dd          , Dd          , Dd          , Gs          , Gs          , Dd          , Dd          , Dd          , Dd          , Dd          , Dd          , Dd          , Dd          , Dd          , Dd          , Dd          , Dd          , Dd          , Dd          
Dd          , Dd          , Dd          , Dd          , Dd          , Dd          , Dd          , Gs          , Dd          , Gs          , Dd          , Dd          , Gs          , Gs          , Gs          , Dd          , Dd          , Dd          , Dd          , Dd          , Dd          , Dd          , Dd          , Dd          , Dd          , Dd          , Gs          , Dd          , Gs          , Gs          , Gs          , Dd          , Hh          , Hh          , Hh          , Dd          , Dd          , Gs          , Dd          , Dd          , Dd          , Dd          , Dd          , Gs          , Dd          , Dd          , Dd          , Dd          , Dd          , Dd          , Dd          , Dd          
Dd          , Dd          , Dd          , Dd          , Gs          , Dd          , Dd          , Gs          , Gs          , Dd          , Dd          , Dd          , Dd          , Gs          , Dd          , Dd          , Dd          , Dd          , Gs          , Gs          , Hh          , Gs          , Dd          , Dd          , Dd          , Dd          , Dd          , Dd          , Dd          , Dd          , Dd          , Dd          , Gs          , Hh          , Dd          , Dd          , Gs          , Dd          , Hd          , Hd          , Hd          , Dd          , Dd          , Dd          , Dd          , Dd          , Dd          , Dd          , Dd          , Dd          , Dd          , Dd          
Dd          , Dd          , Hd          , Dd          , Hd          , Gs          , Dd          , Gs          , Dd          , Gs          , Dd          , Gs          , Dd          , Dd          , Dd          , Dd          , Dd          , Gs          , Dd          , Hh          , Hh          , Gs          , Dd          , Gs          , Dd          , Dd          , Gs          , Hh          , Hh          , Gs          , Dd          , Dd          , Hd          , Dd          , Gs          , Dd          , Dd          , Hd          , Hd          , Hd          , Hd          , Dd          , Dd          , Dd          , Dd          , Dd          , Dd          , Dd          , Dd          , Dd          , Dd          , Dd          
Dd          , Hd          , Hd          , Hd          , Hd          , Hd          , Dd          , Dd          , Dd          , Dd          , Gs          , Dd          , Dd          , Dd          , Dd          , Dd          , Dd          , Dd          , Dd          , Dd          , Dd          , Dd          , Dd          , Dd          , Dd          , Dd          , Gs          , Hh          , Dd          , Dd          , Gs          , Dd          , Hd          , Hd          , Dd          , Gs          , Dd          , Dd          , Dd          , Hd          , Dd          , Dd          , Dd          , Dd          , Dd          , Dd          , Dd          , Dd          , Dd          , Dd          , Dd          , Dd          
Dd          , Hd          , Hd          , Hd          , Hd          , Hd          , Dd          , Dd          , Gs          , Gs          , Gs          , Hh          , Dd          , Dd          , Gs          , Dd          , Dd          , Gs          , Dd          , Dd          , Gs          , Dd          , Dd          , Dd          , Dd          , Dd          , Dd          , Dd          , Dd          , Gs          , Dd          , Dd          , Dd          , Hd          , Dd          , Dd          , Dd          , Hh          , Wwf         , Dd          , Dd          , Dd          , Dd          , Dd          , Dd          , Dd          , Dd          , Dd          , Dd          , Dd          , Dd          , Dd          
Dd          , Dd          , Dd          , Hd          , Dd          , Dd          , Dd          , Dd          , Gs          , Gs          , Gs          , Dd          , Dd          , Dd          , Dd          , Dd          , Dd          , Dd          , Gs          , Dd          , Dd          , Dd          , Dd          , Dd          , Dd          , Dd          , Dd          , Dd          , Gs          , Dd          , Dd          , Dd          , Dd          , Dd          , Dd          , Dd          , Dd          , Dd          , Dd          , Dd          , Dd          , Dd          , Dd          , Dd          , Dd          , Dd          , Dd          , Dd          , Dd          , Dd          , Dd          , Dd          
Dd          , Dd          , Dd          , Dd          , Dd          , Dd          , Dd          , Dd          , Dd          , Dd          , Dd          , Dd          , Dd          , Dd          , Dd          , Dd          , Dd          , Dd          , Dd          , Dd          , Dd          , Dd          , Dd          , Dd          , Dd          , Dd          , Dd          , Dd          , Dd          , Dd          , Dd          , Dd          , Dd          , Dd          , Dd          , Dd          , Dd          , Dd          , Dd          , Dd          , Dd          , Dd          , Dd          , Dd          , Dd          , Dd          , Dd          , Dd          , Dd          , Dd          , Dd          , Dd          
