border_size=1
usage=map

Mm          , Mm          , Mm          , Ww          , Hh          , Mm          , Mm          , Hh          , Hh          , Gg          , Hh          , Gg          , Gg          , Gg          , Gg          , Gg          , Hh          , Gg          , Hh          , Gg          , Hh          , Gg          , Gg          , Gg          , Gg          , Gg          , Gg          , Gg          , Gg          , Gg          , Gg          , Gg          , Gg          , Gg          , Gg          , Gg          , Gg          , Gg          , Gg          , Gg          , Gg          , Gg          
Mm          , Mm          , Hh          , Ww          , Ww          , Hh          , Hh          , Hh          , Gg          , Hh          , Gg          , Hh          , Gg          , Gg          , Gg          , Hh          , Hh          , Hh          , Hh          , Hh          , Gg          , Gg          , Gg          , Gg          , Gg          , Gg          , Gs^Fp       , Gg          , Gg          , Gg          , Gg          , Gg          , Gg          , Gg          , Gg          , Gg          , Hh          , Gg          , Hh          , Gg          , Gg          , Gg          
Hh          , Hh          , Gg          , Ce          , Ce          , Ww          , Gg          , Gg          , Gg          , Gg          , Hh          , Gg          , Gg          , Gg          , Gg          , Gg          , Hh          , Hh          , Gg          , Gg          , Gg          , Gg          , Gs^Fp       , Gg          , Gg          , Gs^Fp       , Gs^Fp       , Gg          , Gs^Fp       , Gg          , Gs^Fp       , Gs^Fp       , Gs^Fp       , Gg          , Gg          , Hh          , Hh          , Hh          , Hh          , Gg          , Gg          , Gg          
Hh          , Hh          , Mm          , 1 Ke        , Gg          , Ww          , Ww          , Gg          , Hh          , Hh          , Gg          , Hh          , Hh          , Gg          , Gg          , Gg          , Gg          , Gg          , Gg          , Gg          , Gg          , Gg          , Gg          , Gs^Fp       , Gs^Fp       , Gs^Fp       , Gg          , Gs^Fp       , Gs^Fp       , Gs^Fp       , Gg          , Gg          , Gs^Fp       , Gs^Fp       , Gs^Fp       , Hh          , Hh          , Hh          , Hh          , Hh          , Gg          , Gg          
Hh          , Gg          , Mm          , Mm          , Gg          , Gg          , Ww          , Gg          , Ww          , Gg          , Hh          , Hh          , Gg          , Gg          , Gg          , Gg          , Gg          , Gg          , Gg          , Gg          , Gg          , Gg          , Gg          , Gs^Fp       , Gs^Fp       , Gs^Fp       , Gg          , Gg          , Gg          , Gs^Fp       , Gs^Fp       , Gs^Fp       , Gg          , Gs^Fp       , Gs^Fp       , Hh          , Hh          , Gs^Fp       , Gs^Fp       , Hh          , Gg          , Gg          
Hh          , Hh          , Gg          , Gg          , Gs^Fp       , Gs^Fp       , Gg          , Ww          , Gs^Fp       , Ww          , Ww          , Gg          , Ww          , Gg          , Gg          , Gg          , Gg          , Gg          , Hh          , Hh          , Gg          , Gg          , Gs^Fp       , Gs^Fp       , Gs^Fp       , Gs^Fp       , Gg          , Hh          , Hh          , Hh          , Gg          , Ss          , Ss          , Ss          , Gs^Fp       , Hh          , Gs^Fp       , Gs^Fp       , Gs^Fp       , Hh          , Gg          , Gg          
Mm          , Hh          , Hh          , Gg          , Gs^Fp       , Gs^Fp       , Gs^Fp       , Gs^Fp       , Gs^Fp       , Gg          , Gg          , Ww          , Gg          , Ww          , Ww          , Gg          , Hh          , Hh          , Gg          , Gg          , Gg          , Gg          , Gg          , Gs^Fp       , Gg          , Gg          , Gg          , Hh          , Ss          , Hh          , Hh          , Ss          , Gg          , Hh          , Hh          , Gs^Fp       , Gs^Fp       , Gs^Fp       , Hh          , Gg          , Gg          , Gg          
Mm          , Mm          , Hh          , Gs^Fp       , Gg          , Gs^Fp       , Gg          , Gs^Fp       , Gg          , Hh          , Hh          , Hh          , Hh          , Gg          , Ww          , Hh          , Gg          , Hh          , Re^Gvs      , Re^Gvs      , Re^Gvs      , Gg          , Gs^Fp       , Gg          , Gg          , Gg         , Gg         , Ss          , Ss          , Hh          , Gg          , Gg          , Gg          , Hh          , Gs^Fp       , Gs^Fp       , Gs^Fp       , Hh          , Gg          , Gg          , Gg          , Gg          
Mm          , Mm          , Hh          , Gg          , Gg          , Hh          , Hh          , Gg          , Gg          , Hh          , Mm          , Hh          , Hh          , Hh          , Ww          , Ke          , Ce          , Re^Gvs      , Re^Gvs      , Re^Gvs      , Re^Gvs      , Gs^Fp       , Gs^Fp       , Gs^Fp       , Gs^Fp       , Gg         , Ss          , Ss          , Ss          , Ss          , Ss          , Ss          , Gg          , Hh          , Hh          , Gs^Fp       , Hh          , Hh          , Gs^Fp       , Gg          , Gg          , Gg          
Mm          , Mm          , Hh          , Hh          , Mm          , Mm          , Mm          , Hh          , Hh          , Hh          , Mm          , Mm          , Mm          , Hh          , Gg          , Ww          , Ww          , Gg^Ve       , Re^Gvs      , Re^Gvs      , Gs^Fp       , Gs^Fp       , Gs^Fp       , Gs^Fp       , Gg          , Ss          , Ss          , Gg          , Gg          , Ss          , Ss          , Gg          , Gg          , Gg          , Gg          , Hh          , Gg          , Gg          , Gs^Fp       , Gs^Fp       , Gg          , Gg          
Hh          , Hh          , Gg          , Hh          , Hh          , Mm          , Hh          , Hh          , Hh          , Hh          , Mm          , Mm          , Hh          , Hh          , Gg          , Gg          , Ww          , Gg         , Gg          , Gs^Fp       , Gs^Fp       , Gs^Fp       , Gg          , Gs^Fp       , Gs^Fp       , Ss          , Gs^Fp       , Gg          , Gg          , Ss          , Hh^Fp       , Hh          , Hh          , Hh          , Hh          , Gg          , Gg          , Gs^Fp       , Gs^Fp       , Gg          , Hd          , Hd          
Gg          , Gg          , Gg          , Hh          , Gs^Fp       , Gs^Fp       , Gs^Fp       , Gg          , Hh          , Hh          , Mm          , Mm          , Hh          , Hh          , Hh^Fp       , Hh^Fp       , Gg          , Ww          , Gg          , Gs^Fp       , Gs^Fp       , Gg          , Gs^Fp       , Gg          , Gg          , Gs^Fp       , Gg          , Gs^Fp       , Gs^Fp       , Hh^Fp       , Hh^Fp       , Hh          , Gs^Fp       , Hh^Fp       , Hh          , Hh          , Gg          , Gg          , Gg          , Hd          , Ww          , Ww          
Gg          , Hh          , Hh          , Gg          , Hh          , Gs^Fp       , Gs^Fp       , Hh          , Mm          , Mm          , Mm          , Mm          , Hh          , Hh          , Hh          , Hh^Fp       , Gg          , Ww          , Ww          , Gs^Fp       , Gs^Fp       , Gs^Fp       , Gg          , Gs^Fp       , Gg          , Gg          , Hh^Fp       , Gs^Fp       , Hh^Fp       , Hh^Fp       , Hh          , Gs^Fp       , Gs^Fp       , Gs^Fp       , Hh          , Gg          , Gg          , Gg          , Gg          , Hd          , Ww          , Ww          
Mm          , Hh          , Hh          , Hh          , Hh          , Gg          , Gs^Fp       , Hh          , Mm          , Mm          , Mm          , Hh          , Hh          , Hh          , Gg          , Hh          , Gg          , Ww          , Ww          , Gg          , Gg          , Gg          , Gg          , Gs^Fp       , Gg          , Hh^Fp       , Gg          , Gs^Fp       , Hh          , Hh^Fp       , Hh          , Gs^Fp       , Hh          , Hh          , Gg          , Gg          , Gs^Fp       , Gg          , Gg          , Hd          , Ww          , Wo          
Mm          , Mm          , Mm          , Mm          , Mm          , Gg          , Gg          , Hh          , Mm          , Mm          , Mm          , Hh          , Gg          , Hh          , Gg          , Gg          , Hh^Fp       , Hh^Fp       , Gg          , Ww          , Ww          , Gg          , Gs^Fp       , Gs^Fp       , Gg          , Gg          , Gg          , Gs^Fp       , Gg          , Hh          , Gg          , Hh          , Hh          , Hh          , Gg          , Gs^Fp       , Gg          , Gg          , Hd          , Hd          , Ww          , Wo          
Mm          , Mm          , Mm          , Mm          , Hh          , Hh          , Hh          , Hh          , Hh          , Mm          , Hh          , Hh          , Gg          , Gg          , Gg          , Hh^Fp       , Hh^Fp       , Hh^Fp       , Gg          , Gg          , Ww          , Gs^Fp       , Gg          , Gs^Fp       , Gs^Fp       , Gg          , Hh^Fp       , Gg          , Gg          , Gg          , Gg          , Gg          , Gs^Fp       , Gg          , Gs^Fp       , Gs^Fp       , Gg          , Gg          , Hd          , Ww          , Wo          , Wo          
Mm          , Mm          , Gg          , Hh          , Gg          , Gg          , Gs^Fp       , Gg          , Gg          , Hh          , Hh          , Gg          , Hh          , Hh          , Hh          , Hh^Fp       , Gg         , Gg         , Ke          , Ww          , Gg          , Gg          , Gs^Fp       , Gs^Fp       , Hh^Fp       , Hh^Fp       , Hh^Fp       , Gg          , Gs^Fp       , Gs^Fp       , Gs^Fp       , Gs^Fp       , Gs^Fp       , Gg          , Gg          , Gg          , Gg          , Hd          , Ww          , Ww          , Wo          , Wo          
Hh          , Hh          , Gg          , Gg^Ve       , Gs^Fp       , Gs^Fp       , Gs^Fp       , Gg          , Hh          , Hh          , Hh          , Hh          , Mm          , Mm          , Hh          , Gg          , Re^Gvs      , Ce          , Ww          , Ww          , Gs^Fp       , Gs^Fp       , Gg          , Gg          , Hh^Fp       , Hh^Fp       , Gg          , Gs^Fp       , Gs^Fp       , Gs^Fp       , Gs^Fp       , Gg          , Re^Gvs      , Gg          , Gg         , Gg          , Gg          , Gg          , Ww          , Ww          , Ww          , Wo          
Gg          , Gg          , Gs^Fp       , Gs^Fp       , Gs^Fp       , Gs^Fp       , Hh          , Hh          , Mm          , Hh          , Mm          , Mm          , Mm          , Hh          , Re^Gvs      , Re^Gvs      , Re^Gvs      , Gg^Ve       , Gg         , Ww          , Ww          , Gg          , Ww          , Gg          , Ww          , Gg          , Gs^Fp       , Gs^Fp       , Gs^Fp       , Gs^Fp       , Gs^Fp       , Re^Gvs      , Re^Gvs      , Re^Gvs      , Re^Gvs      , Gg         , Gg          , Hd          , Hd          , Ww          , Ww          , Wo          
Gg          , Gs^Fp       , Gs^Fp       , Gs^Fp       , Gg          , Gg          , Hh          , Mm          , Mm          , Mm          , Mm          , Mm          , Gg          , Gg          , Re^Gvs      , Re^Gvs      , Re^Gvs      , Re^Gvs      , Gg         , Gg          , Hh          , Ww          , Gg          , Ww          , Gg          , Ww          , Ww          , Ww          , Gg          , Gs^Fp       , Gg         , Re^Gvs      , Gg^Ve       , Re^Gvs      , Ke          , Gg         , Gg          , Gg          , Hd          , Hd          , Ww          , Wo          
Gg          , Gs^Fp       , Gs^Fp       , Gg          , Hh          , Hh          , Mm          , Mm          , Mm          , Mm          , Mm          , Hh          , Hh          , Gg          , Gg          , Re^Gvs      , Hh          , Hh          , Hh          , Hh          , Hh^Fp       , Gg          , Hh^Fp       , Gg          , Hh^Fp       , Gg          , Gg          , Ww          , Ww          , Ww          , Ww          , Gg         , Ww          , Ce          , Ww          , Ww          , Ww          , Gg          , Hd          , Ww          , Wo          , Wo          
Gs^Fp       , Gs^Fp       , Gg          , Hh          , Mm          , Mm          , Mm          , Mm          , Mm          , Mm          , Hh          , Hh          , Gg          , Gg          , Hh          , Hh          , Hh          , Hh          , Hh^Fp       , Hh^Fp       , Hh^Fp       , Gg          , Hh^Fp       , Hh^Fp       , Hh^Fp       , Gs^Fp       , Gs^Fp       , Gs^Fp       , Gs^Fp       , Ww          , Gg          , Ww          , Gs^Fp       , Ww          , Gs^Fp       , Gg          , Gg          , Ww          , Ww          , Ww          , Ww          , Ww          
Gg          , Gg          , Hh          , Hh          , Mm          , Mm          , Hh          , Mm          , Mm          , Hh          , Gg          , Gg          , Gg          , Gg          , Hh          , Hh          , Hh          , Hh^Fp       , Hh^Fp       , Hh^Fp       , Gs^Fp       , Gs^Fp       , Hh^Fp       , Hh^Fp       , Hh^Fp       , Gs^Fp       , Gg          , Gs^Fp       , Gs^Fp       , Gg          , Gs^Fp       , Gs^Fp       , Gs^Fp       , Gs^Fp       , Gs^Fp       , Gs^Fp       , Gg          , Gg          , Hd          , Ww          , Ww          , Wo          
Hh          , Hh          , Mm          , Hh          , Mm          , Mm          , Hh          , Mm          , Hh          , Gg          , Gg          , Gg          , Gs^Fp       , Gg          , Gg          , Hh          , Gg          , Gs^Fp       , Gs^Fp       , Gs^Fp       , Gg          , Gg          , Gg          , Gg          , Gg          , Gs^Fp       , Gg          , Gg          , Gs^Fp       , Gg          , Gg          , Gs^Fp       , Gg          , Gg          , Gg          , Gg          , Gg          , Gg          , Gg          , Hd          , Hd          , Ww          
Hh          , Mm          , Mm          , Mm          , Mm          , Hh          , Hh          , Hh          , Gg          , Gg          , Gs^Fp       , Gs^Fp       , Gs^Fp       , Gs^Fp       , Gg          , Gg          , Gg          , Gg          , Gg          , Gg          , Gs^Fp       , Gg          , Gs^Fp       , Gg          , Gs^Fp       , Gg          , Gs^Fp       , Gs^Fp       , Gs^Fp       , Gg          , Gg          , Gg          , Gs^Fp       , Gg          , Gg          , Gg          , Gg          , Gg          , Hd          , Hd          , Ww          , Ww          
Hh          , Hh          , Hh          , Hh          , Hh          , Gg          , Gg          , Gg          , Gg          , Gg          , Gs^Fp       , Gs^Fp       , Gg          , Gg          , Hh          , Gg          , Gg          , Gg          , Gg          , Gs^Fp       , Gs^Fp       , Gs^Fp       , Gs^Fp       , Gs^Fp       , Gs^Fp       , Gs^Fp       , Gs^Fp       , Gs^Fp       , Gs^Fp       , Gs^Fp       , Gs^Fp       , Gs^Fp       , Gs^Fp       , Gs^Fp       , Gg          , Gg          , Gg          , Gg          , Hd          , Hd          , Ww          , Wo          
Gg          , Hh          , Gs^Fp       , Gg          , Gg          , Gs^Fp       , Gg          , Gg          , Hh          , Gg          , Hh          , Gg          , Hh          , Hh          , Gg          , Gg          , Gg          , Gg          , Gs^Fp       , Gs^Fp       , Gs^Fp       , Gg          , Gs^Fp       , Gs^Fp       , Gs^Fp       , Gs^Fp       , Gs^Fp       , Gs^Fp       , Gg          , Gs^Fp       , Gs^Fp       , Gs^Fp       , Gs^Fp       , Gs^Fp       , Gg          , Gg          , Gg          , Gg          , Gg          , Hd          , Ww          , Wo          
Gs^Fp       , Gs^Fp       , Gs^Fp       , Gs^Fp       , Gs^Fp       , Gs^Fp       , Gs^Fp       , Hh          , Hh          , Hh          , Hh          , Hh          , Hh^Fp       , Hh^Fp       , Hh^Fp       , Gg          , Gg          , Gs^Fp       , Gg          , Gg          , Gg          , Gs^Fp       , Gs^Fp       , Gs^Fp       , Gg          , Gg          , Gs^Fp       , Gs^Fp       , Gs^Fp       , Gs^Fp       , Gs^Fp       , Gs^Fp       , Gg          , Gs^Fp       , Gg          , Gg          , Gg          , Gg          , Gg          , Hd          , Ww          , Wo          
Gg          , Gs^Fp       , Gs^Fp       , Gs^Fp       , Gg          , Gg          , Gg          , Gg          , Gg          , Hh          , Gg          , Hh          , Hh^Fp       , Hh^Fp       , Hh^Fp       , Gg          , Gg          , Gg          , Gs^Fp       , Gs^Fp       , Gs^Fp       , Gs^Fp       , Gg          , Gg          , Gg          , Gg          , Gg          , Gg          , Gs^Fp       , Gs^Fp       , Gs^Fp       , Gg          , Gg          , Gg          , Gg          , Gg          , Gg          , Hd          , Ww          , Ww          , Ww          , Wo          
Gg          , Gg          , Gg          , Gg          , Ww          , Gg          , Gg          , Gg          , Gg          , Gg          , Gg          , Gg          , Gg          , Gg          , Gg          , Gs^Fp       , Gs^Fp       , Gg          , Gg          , Gs^Fp       , Gs^Fp       , Gs^Fp       , Gs^Fp       , Gg          , Gg          , Gg          , Gs^Fp       , Gs^Fp       , Gs^Fp       , Gs^Fp       , Gs^Fp       , Gg          , Gg          , Gg          , Gg          , Gg          , Gg          , Hd          , Ww          , Ww          , Wo          , Wo          
Ww          , Gg          , Ww          , Ww          , Gg^Ve       , Wwf         , Ww          , Gg          , Gg          , Gg          , Gg          , Gg          , Gs^Fp       , Gg          , Gg          , Gs^Fp       , Gs^Fp       , Gs^Fp       , Gg          , Gs^Fp       , Gs^Fp       , Gs^Fp       , Gs^Fp       , Gs^Fp       , Gs^Fp       , Gg          , Gs^Fp       , Gs^Fp       , Gs^Fp       , Gs^Fp       , Gs^Fp       , Gg          , Gg          , Gg          , Gg          , Gg          , Gg          , Hd          , Hd          , Ww          , Wo          , Wo          
Ww          , Ww          , Ww          , Ww          , Ww          , Ww          , Ww          , Ww          , Ww          , Gg          , Gg          , Gg          , Gs^Fp       , Gs^Fp       , Gs^Fp       , Gs^Fp       , Gg          , Gs^Fp       , Gs^Fp       , Gg          , Gs^Fp       , Gs^Fp       , Gs^Fp       , Gs^Fp       , Gs^Fp       , Gg          , Gg          , Gs^Fp       , Gg          , Gg          , Gg          , Gg          , Gs^Fp       , Gg          , Gg          , Gg          , Gg          , Hd          , Wwr         , Ww          , Wo          , Wo          
Gg          , Ww          , Gg          , Gg          , Gg          , Gg          , Gg          , Ww          , Ww          , Ww          , Hh          , Gg          , Gg          , Gs^Fp       , Gg          , Gs^Fp       , Gg          , Gg          , Gg          , Gg          , Gg          , Gs^Fp       , Gs^Fp       , Gs^Fp       , Gs^Fp       , Gg          , Gg          , Gg          , Gg          , Gg          , Gs^Fp       , Gs^Fp       , Gs^Fp       , Gs^Fp       , Gg          , Gg          , Hd          , Hd          , Wwr         , Ww          , Wo          , Wo          
Gg          , Gg          , Gg          , Gs^Fp       , Gs^Fp       , Gg          , Gg          , Gg          , Gg          , Wo          , Wo          , Hh          , Hh          , Gg          , Gg          , Gg          , Hh          , Hh          , Hh          , Gg          , Gg          , Gg          , Gg          , Gs^Fp       , Gs^Fp       , Gg          , Gg          , Gg          , Gg          , Gg          , Gg          , Gs^Fp       , Gg          , Gs^Fp       , Gg          , Gg          , Ww          , Wwr         , Wwr         , Wwr         , Wo          , Wo          
Gg          , Gg          , Hh          , Hh          , Hh          , Hh          , Hh          , Gg          , Gs^Fp       , Hh          , Hh          , Wo          , Ww          , Gg          , Ww          , Ww          , Wo          , Wo          , Ww          , Ww          , Ww          , Ww          , Gg          , Gg          , Gg          , Gg          , Gg          , Gg          , Gg          , Gg          , Gg          , Gg          , Gg          , Gg          , Hd          , Ww          , Ww          , Ww          , Ww          , Wwr         , Wo          , Wo          
Gg          , Hh          , Hh          , Hh          , Hh          , Hh          , Hh          , Gg          , Gg          , Gs^Fp       , Gs^Fp       , Gg          , Ww          , Ww          , Ww          , Ww          , Hh          , Hh          , Gg          , Ww          , Ww          , Ww          , Wo          , Gg          , Gg          , Ww          , Ww          , Gg          , Gg          , Gg          , Gg          , Hd          , Hd          , Hd          , Ww          , Ww          , Ww          , Wo          , Wo          , Ww          , Wo          , Wo          
Gg          , Gs^Fp       , Gs^Fp       , Gg          , Gg          , Hh          , Hh          , Hh          , Gg          , Gs^Fp       , Gg          , Gg          , Gg          , Ww          , Gg          , Ww          , Gg          , Gg          , Gg          , Gg          , Gg          , Ww          , Gg          , Wo          , Wo          , Ww          , Ww          , Ww          , Ww          , Gg          , Gg          , Ww          , Ww          , Ww          , Ww          , Ww          , Wo          , Wo          , Wo          , Wo          , Wo          , Wo          
Gg          , Gs^Fp       , Gs^Fp       , Gs^Fp       , Hh          , Hh          , Gg          , Hh          , Gg          , Gs^Fp       , Gs^Fp       , Gs^Fp       , Gg          , Gg          , Ww          , Ww          , Gg          , Gg          , Gg          , Gg          , Gg          , Gg          , Gg          , Gg          , Gg          , Ww          , Gg         , Ww          , Ww          , Ww          , Ww          , Ww          , Ww          , Ww          , Ww          , Wo          , Wo          , Wo          , Wo          , Wo          , Wo          , Wo          
Gg          , Gs^Fp       , Hh          , Hh          , Hh          , Hh          , Gg          , Gg          , Gg          , Gg          , Gg          , Gg          , Gg          , Gg          , Wwf         , Ww          , Gg          , Gg          , Gg          , Gg          , Gg          , Gg          , Re^Gvs      , Gg          , Gg^Ve       , Gg         , Gg         , Gg          , Cv          , Ww          , Cv          , Ww          , Ww          , Ww          , Ww          , Ww          , Ww          , Ww          , Ww          , Wo          , Wo          , Wo          
Gg          , Gg          , Gg          , Hh          , Hh          , Hh          , Hh          , Hh          , Hh          , Gg          , Hh          , Hh          , Hh          , Gg          , Ww          , Gg          , Gg          , Gg          , Re^Gvs      , Re^Gvs      , Re^Gvs      , Re^Gvs      , Re^Gvs      , Gg         , Gg          , Gg         , Gg         , Gg          , Cv          , 3 Kv        , Cv          , Gg          , Gg^Ve       , Gg         , Gg          , Hd          , Hd          , Hd          , Wwr         , Wwr         , Wo          , Wo          
Ww          , Gg          , Gg          , Hh          , Hh          , Hh          , Hh          , Hh          , Gg          , Hh          , Gg          , Gg          , Gg          , Gg          , Ww          , Gg          , Gg          , Gg          , Re^Gvs      , Re^Gvs      , Re^Gvs      , Re^Gvs      , Re^Gvs      , Re^Gvs      , Re^Gvs      , Gg         , Gg^Ve       , Gg         , Gg         , Cv          , Gg         , Gg         , Gg         , Gg         , Gg         , Gg          , Gg          , Hd          , Wwr         , Wwr         , Wo          , Wo          
Hh          , Ww          , Ww          , Gg          , Gg          , Hh          , Gg          , Gg          , Gg          , Gg          , Gg          , Gg          , Ww          , Ww          , Gg          , Gg          , Gg          , Gg          , Re^Gvs      , Re^Gvs      , Re^Gvs      , Re^Gvs      , Re^Gvs      , Re^Gvs      , Re^Gvs      , Gg         , Gg          , Gg         , Gg         , Gg          , Gg         , Gg         , Gg^Ve       , Gg         , Gg          , Gg         , Gg          , Gg          , Hd          , Ww          , Ww          , Wo          
Hh          , Hh          , Gg          , Ww          , Ww          , Ww          , Ww          , Gg          , Wwf         , Ww          , Ww          , Ww          , Gg          , Gg          , Gg          , Gg          , Gg          , Gg          , Re^Gvs      , Re^Gvs      , Re^Gvs      , Re^Gvs      , Re^Gvs      , Re^Gvs      , Re^Gvs      , Re^Gvs      , Re^Gvs      , Gg         , Gg          , Gg^Ve       , Gg         , Gg          , Re^Gvs      , Gg          , Re^Gvs      , Gg          , Gg          , Gg          , Hd          , Hd          , Ww          , Wo          
Hh          , Hh          , Hh          , Gg          , Gg          , Ww          , Gg          , Ww          , Gg          , Gg          , Gg          , Gg          , Gg          , Gg          , Gg          , Gg          , Gg          , Gg          , Re^Gvs      , Re^Gvs      , Re^Gvs      , Re^Gvs      , Re^Gvs      , Re^Gvs      , Re^Gvs      , Re^Gvs      , Re^Gvs      , Re^Gvs      , Re^Gvs      , Re^Gvs      , Re^Gvs      , Re^Gvs      , Re^Gvs      , Re^Gvs      , Gg          , Gg          , Hd          , Hd          , Ww          , Ww          , Wo          , Wo          
Mm          , Mm          , Hh          , Hh          , Hh          , Hh          , Gg          , Gg          , Gg          , Gg          , Gg          , Gg          , Gg          , Gg          , Gs^Fp       , Gg          , Gg          , Gg          , Re^Gvs      , Re^Gvs      , Re^Gvs      , Gg         , Re^Gvs      , Re^Gvs      , Re^Gvs      , Re^Gvs      , Re^Gvs      , Re^Gvs      , Re^Gvs      , Re^Gvs      , Re^Gvs      , Re^Gvs      , Re^Gvs      , Re^Gvs      , Gg          , Gg          , Ww          , Ww          , Wo          , Wo          , Wo          , Wo          
Mm          , Mm          , Mm          , Hh          , Hh          , Hh          , Gg          , Gg          , Gs^Fp       , Gs^Fp       , Gg          , Gg          , Gs^Fp       , Gg          , Gs^Fp       , Gs^Fp       , Gg          , Gg          , Re^Gvs      , Re^Gvs      , Re^Gvs      , Re^Gvs      , Re^Gvs      , Re^Gvs      , Re^Gvs      , Re^Gvs      , Re^Gvs      , Re^Gvs      , Re^Gvs      , Re^Gvs      , Re^Gvs      , Re^Gvs      , Re^Gvs      , Re^Gvs      , Gg          , Hd          , Ww          , Ww          , Ww          , Wo          , Wo          , Wo          
Mm          , Mm          , Mm          , Mm          , Hh          , Gg          , Gs^Fp       , Gs^Fp       , Gs^Fp       , Gg          , Gs^Fp       , Gs^Fp       , Gg          , Gs^Fp       , Gg          , Gs^Fp       , Gg          , Gg          , Gg          , Re^Gvs      , Re^Gvs      , Re^Gvs      , Re^Gvs      , Re^Gvs      , Re^Gvs      , Re^Gvs      , Re^Gvs      , Re^Gvs      , Re^Gvs      , Re^Gvs      , Re^Gvs      , Re^Gvs      , Re^Gvs      , Re^Gvs      , Gg          , Hd          , Hd          , Ww          , Ww          , Wo          , Wo          , Wo          
Mm          , Mm          , Hh          , Hh          , Gg          , Gg          , Gg          , Gs^Fp       , Gg          , Gg          , Gs^Fp       , Gg          , Gg          , Gs^Fp       , Gs^Fp       , Gs^Fp       , Gs^Fp       , Gs^Fp       , Gg          , Re^Gvs      , Re^Gvs      , Re^Gvs      , Re^Gvs      , Re^Gvs      , Re^Gvs      , Re^Gvs      , Re^Gvs      , Re^Gvs      , Re^Gvs      , Re^Gvs      , Re^Gvs      , Re^Gvs      , Re^Gvs      , Re^Gvs      , Re^Gvs      , Gg          , Hd          , Hd          , Ww          , Wo          , Wo          , Wo          
Mm          , Mm          , Hh          , Hh          , Hh          , Hh          , Hh          , Gg          , Gg          , Gs^Fp       , Gs^Fp       , Gg          , Gs^Fp       , Gs^Fp       , Gg          , Gg          , Gs^Fp       , Gs^Fp       , Gg          , Re^Gvs      , Re^Gvs      , Re^Gvs      , Re^Gvs      , Re^Gvs      , Re^Gvs      , Re^Gvs      , Re^Gvs      , Re^Gvs      , Re^Gvs      , Re^Gvs      , Re^Gvs      , Re^Gvs      , Re^Gvs      , Re^Gvs      , Re^Gvs      , Gg          , Gg          , Hd          , Ww          , Wo          , Wo          , Wo          
Mm          , Mm          , Mm          , Mm          , Hh          , Hh          , Gg          , Gg          , Gs^Fp       , Gs^Fp       , Gs^Fp       , Gg          , Gg          , Gs^Fp       , Gs^Fp       , Gs^Fp       , Gs^Fp       , Gg          , Gs^Fp       , Gg          , Gs^Fp       , Gg          , Gg          , Re^Gvs      , Gg          , Re^Gvs      , Gg          , Re^Gvs      , Re^Gvs      , Re^Gvs      , Re^Gvs      , Re^Gvs      , Re^Gvs      , Re^Gvs      , Gg          , Gg          , Ww          , Ww          , Ww          , Wo          , Wo          , Wo          
Mm          , Mm          , Mm          , Mm          , Hh          , Hh          , Gg          , Gg          , Gs^Fp       , Gs^Fp       , Gs^Fp       , Gs^Fp       , Gs^Fp       , Gs^Fp       , Gs^Fp       , Gs^Fp       , Gs^Fp       , Gs^Fp       , Gg          , Gs^Fp       , Gs^Fp       , Gs^Fp       , Gs^Fp       , Gg          , Gg          , Gg          , Gg          , Gg          , Gg          , Gg          , Gg          , Re^Gvs      , Gg          , Gg          , Ww          , Ww          , Gg          , Ww          , Ww          , Ww          , Wo          , Wo          
Mm          , Mm          , Mm          , Hh          , Hh          , Gg          , Gg          , Gs^Fp       , Gs^Fp       , Gs^Fp       , Gs^Fp       , Gs^Fp       , Gg          , Gs^Fp       , Gs^Fp       , Gg          , Gs^Fp       , Gg          , Gg          , Gg          , Gs^Fp       , Gs^Fp       , Gs^Fp       , Gs^Fp       , Gs^Fp       , Gg          , Gg          , Gg          , Ww          , Gg          , Ww          , Gg          , Ww          , Ww          , Gg          , Gg          , Gg          , Hd          , Ww          , Ww          , Wo          , Wo          
Mm          , Mm          , Hh          , Hh          , Gg          , Gs^Fp       , Gs^Fp       , Gs^Fp       , Gg          , Gg          , Gs^Fp       , Gs^Fp       , Gs^Fp       , Gs^Fp       , Gg          , Gg          , Gs^Fp       , Gg          , Gg          , Gs^Fp       , Gs^Fp       , Gs^Fp       , Gs^Fp       , Gs^Fp       , Gg          , Gg          , Ww          , Ww          , Gg          , Ww          , Gg          , Ww          , Gg          , Gg          , Gs^Fp       , Gs^Fp       , Gg          , Hd          , Hd          , Ww          , Wo          , Wo          
Mm          , Mm          , Gg          , Hh          , Gg          , Gs^Fp       , Gs^Fp       , Gg          , Gs^Fp       , Gs^Fp       , Gg          , Gg          , Gg          , Gs^Fp       , Gs^Fp       , Gs^Fp       , Gs^Fp       , Gs^Fp       , Gg          , Gs^Fp       , Gg          , Gg          , Gg          , Gg          , Gg          , Ww          , Gg          , Gg          , Gs^Fp       , Gg          , Gs^Fp       , Gg          , Gs^Fp       , Gs^Fp       , Gs^Fp       , Gs^Fp       , Gg          , Gg          , Gg          , Ww          , Wo          , Wo          
