border_size=1
usage=map

Gg          ,Gg          , Gg          , Gg          , Gg          , Gg          , Gg          , Gg          , Gg          , Gg          , Ss          , Ss          , Ss          , Ss          , Ss          , Ss          , Ss          , Gg          , Gg          , Gg          , Gg          , Gg          
Gg          ,Gg          , Gg          , Gg          , Gg          , Gg          , Gg          , Gg          , Gg          , Gg          , Ss          , Ss          , Ss          , Ss          , Ss          , Ss          , Ss          , Gg          , Gg          , Gg          , Gg          , Gg          
Gg          ,Gg          , Gg          , Gg          , Gg          , Gg          , Gg          , Gg          , Ss          , Ss          , Ds          , Ds          , Ds          , Ds          , Ds          , Ds          , Ds          , Ss          , Ss          , Gg          , Gg          , Gg          
Gg          ,Gg          , Gg          , Gg          , Ss          , Gg          , Ss          , Ss          , Ds          , Ds          , Ch          , Ch          , Ch          , Ch          , Ch          , Ds          , Ds          , Ds          , Ss          , Gg          , Gg          , Gg          
Ss          ,Ss          , Ss          , Ss          , Ds          , Ss          , Ds          , Ds          , Ch          , Ch          , Gg          , Gg          , Gg          , Gg          , Gg          , Ch          , Ch          , Ds          , Ds          , Ss          , Ss          , Ss          
Ww          ,Ww          , Ds          , Ds          , Ds          , Ds          , Ch          , Ch          , Gg          , Gg          , Gg          , Gg^Vh       , Rr          , Gg          , Gg^Vh       , Gg          , Gg          , Ch          , Ch          , Ds          , Ss          , Ss          
Ww          ,Ww          , Ww          , Ds          , Ww          , Ch          , Gg          , Gg          , Gg^Vh       , Gg          , Rr          , Rr          , Gg          , Rr          , Rr          , Gg          , Gg^Vh       , Gg          , Ch          , Ds          , Ss          , Ss          
Wo          ,Wo          , Ww          , Ww          , Wwf         , Wwf         , Wwf         , Gg          , Gg          , Rr          , Rr          , Gg          , Ch          , Gg          , Gg          , Rr          , Rr          , Gg          , Ch          , Ds          , Ss          , Ss          
Ww          ,Ww          , Ww          , Ww          , Wwf         , Wwf         , Ww          , Wwf         , Gg          , Gg          , Gg          , Ch          , 1 Kh        , Ch          , Gg          , Gg          , Rr          , Gg          , Ch          , Ds          , Ss          , Ss          
Gg          ,Gg          , Ch          , Ww          , Wwf         , Wwf         , Wwf         , Wwf         , Wwf         , Wwf         , Ch          , Gg          , Ch          , Rr          , Rr          , Rr          , Gg^Vh       , Gg          , Ch          , Ds          , Ss          , Ss          
Gg          ,Gg          , Ch          , Gg          , Gg^Vh       , Wwf         , Ww          , Wwf         , Ww          , Ww          , Ww          , Ch          , Ch          , Gg          , Gg^Vh       , Gg          , Gg          , Gg          , Ch          , Ds          , Ss          , Ss          
Gg          ,Gg          , Ch          , Gg          , Rr          , Rr          , Gg^Vh       , Wwf         , Ww          , Ww          , Ww          , Ww          , Ww          , Ww          , Gg          , Gg          , Ch          , Ch          , Ds          , Ds          , Ss          , Ss          
Gg          ,Gg          , Ch          , Gg          , Gg          , Rr          , Gg          , Ww          , Ww          , Ww          , Wo          , Ww          , Ww          , Ds          , Ds          , Ww          , Ww          , Ds          , Ds          , Ss          , Ss          , Ss          
Gg          ,Gg          , Ch          , Gg          , Gg          , Rr          , Gg          , Ww          , Ww          , Ww          , Wo          , Ww          , Ww          , Ds          , Ds          , Ww          , Ww          , Ds          , Ds          , Ss          , Ss          , Ss          
