border_size=1
usage=map

Gg          ,Gg          , Gg          , Gg          , Gg          , Gg          , Gg          , Gg          , Gg          , Gg          , Gg          , Gg          , Gg          , Gg          , Gg          , Gg          , Gg          , Gg          , Gg          , Gg          , Gg          , Gg          , Gg          , Gg          , Gg          , Gg          , Gg          , Gg          , Gg          , Rr          , Gg          , Gg          , Gg          , Gg          , Gg          , Gg          , Gg          , Gg          , Hh          , Hh          , Hh          , Gg          , Gg          , Gg          , Gg          , Gg          , Gg          , Gg          , Gg          , Gg          , Gg          , Gg          
Gg          ,Gg          , Gg          , Gg          , Gg          , Gg          , Gg          , Gg          , Gg          , Gg          , Gg          , Gg          , Gg          , Gg          , Gg          , Gg          , Gg          , Gg          , Gg          , Gg          , Gg          , Gg          , Gg          , Gg          , Gg          , Gg          , Gg          , Gg          , Gg          , Rr          , Gg          , Gg          , Gg          , Gg          , Gg          , Gg          , Gg          , Gg          , Hh          , Hh          , Hh          , Gg          , Gg          , Gg          , Gg          , Gg          , Gg          , Gg          , Gg          , Gg          , Gg          , Gg          
Gg          ,Gg          , Gg          , Gg          , Gg          , Gg          , Gg          , Gg          , Gg          , Gg          , Gg          , Gg          , Gg          , Gg          , Gg          , Gg          , Gg          , Gg          , Gg          , Gg          , Gg          , Gg          , Gg          , Gg          , Gg          , Gg          , Gg          , Gg          , Gg          , Rr          , Gg          , Gg          , Gg          , Gg          , Gg          , Gg          , Gg          , Gg          , Gg          , Gg          , Hh          , Gg          , Gg          , Gg          , Gg          , Gg          , Gg          , Gg          , Gg          , Gg          , Gg          , Gg          
Gg          ,Gg          , Gg          , Gg          , Gg          , Gg          , Gg          , Gg          , Gg          , Gg          , Gg          , Gg          , Gg          , Gg          , Gg          , Gg          , Gg          , Gg          , Gg          , Gg          , Gg          , Gg          , Gg          , Gg          , Gg          , Gg          , Gg          , Gg          , Gg          , Rr          , Gg          , Gg          , Gg          , Gg          , Gg          , Gg          , Gg          , Gg          , Gg          , Gg          , Gg          , Gg          , Gg          , Gg          , Gg          , Gg          , Gg          , Gg          , Gg          , Gg          , Gg          , Gg          
Gg          ,Gg          , Gg          , Gg          , Gg          , Gg          , Gg          , Gg          , Gg          , Gg          , Hh          , Gg          , Gg          , Gg          , Gg          , Gg          , Gg          , Gg          , Gg          , Gg          , Gg          , Gg          , Hh          , Gg          , Hh          , Gg          , Gg          , Gg          , Gg          , Rr          , Gg          , Gg          , Gg          , Gg          , Gg          , Gg          , Gg          , Gg          , Gg          , Gg          , Gg          , Gg          , Gg          , Gg          , Gg          , Gg          , Gg          , Gg          , Gg          , Gg          , Gg          , Gg          
Gg          ,Gg          , Gg          , Gg          , Gg          , Gg          , Gg          , Gg          , Gg          , Hh          , Gg          , Gg          , Gg          , Gg          , Gg          , Gg          , Gg          , Gg          , Gg          , Gg          , Gg          , Hh          , Gg          , Gg          , Gg          , Gg          , Gg          , Gg          , Gg          , Rr          , Gg          , Gg          , Gg          , Gg          , Gg          , Gg          , Gg          , Gg          , Gg          , Gg          , Gg          , Gg          , Gg          , Gg          , Gg          , Gg          , Gg          , Gg          , Gg          , Gg          , Gg          , Gg          
Rr          ,Rr          , Rr          , Gg          , Gg          , Gg          , Hh          , Hh          , Gg          , Gg          , Gg          , Gg          , Gg          , Gg          , Gg          , Gg          , Gg          , Gg          , Gg          , Gg          , Gg          , Hh          , Hh          , Gg          , Gg          , Gg          , Gg          , Gg          , Gg          , Rr          , Gg          , Gg          , Gg          , Gg          , Gg          , Gg          , Gg          , Gg          , Gg          , Gg          , Gg          , Gg          , Gg          , Gg          , Gg          , Gg          , Gg          , Gg          , Gg          , Gg          , Gg          , Gg          
Gg          ,Gg          , Gg          , Rr          , Rr          , Gg          , Gg          , Gg          , Gg          , Gg          , Gg          , Gg          , Gg          , Gg          , Gg          , Gg          , Gg          , Gg          , Gg          , Gg          , Gg          , Gg          , Gg          , Gg          , Gg          , Gg          , Gg          , Gg          , Gg          , Rr          , Gg          , Gg          , Gg          , Gg          , Gg          , Gg          , Gg          , Gg          , Gg          , Gg          , Hh          , Gg          , Gg          , Gg          , Gg          , Gg          , Gg          , Gg          , Ds          , Ds          , Ds          , Ds          
Gg          ,Gg          , Gg          , Gg          , Gg          , Rr          , Rr          , Gg          , Gg          , Gg          , Gg          , Gg          , Gg          , Gg          , Gg          , Gg          , Gg          , Gg          , Gg          , Gg          , Gg          , Gg          , Gg          , Gg          , Gg          , Gg          , Gg          , Gg          , Gg          , Rr          , Gg          , Gg          , Gg          , Gg          , Ds          , Gg          , Gg          , Gg          , Gg          , Gg          , Gg          , Gg          , Gg          , Gg          , Ds          , Ds          , Ww          , Ds          , Ww          , Ww          , Ww          , Ww          
Gg          ,Gg          , Gg          , Gg          , Gg          , Gg          , Gg          , Rr          , Rr          , Gg          , Gg          , Gg          , Gg          , Gg          , Gg          , Gg          , Gg          , Gg          , Gg          , Gg          , Gg          , Gg          , Gg          , Gg          , Gg          , Gg          , Gg          , Gg          , Gg          , Rr          , Gg          , Gg          , Gg          , Gg          , Ds          , Gg          , Ds          , Ds          , Gg          , Gg          , Gg          , Gg          , Ds          , Ds          , Ww          , Ww          , Ww          , Ww          , Wo          , Wo          , Wo          , Wo          
Gg          ,Gg          , Gg          , Gg          , Gg          , Gg          , Gg          , Gg          , Gg          , Rr          , Rr          , Gg          , Gg          , Gg          , Gg          , Gg          , Gg          , Gg          , Gg          , Gg          , Gg          , Gg          , Gg          , Gg          , Gg          , Gg          , Ds          , Gg          , Ds          , Rr          , Gg          , Ds          , Ds          , Gg          , Gg          , Ds          , Gg          , Gg          , Gg          , Ds          , Gg          , Gg          , Ds          , Ww          , Ww          , Ww          , Wo          , Wo          , Wo          , Wo          , Wo          , Wo          
Gg          ,Gg          , Gg          , Gg          , Gg          , Gg          , Gg          , Gg          , Gg          , Gg          , Gg          , Rr          , Rr          , Gg          , Gg          , Gg          , Gg          , Hh          , Gg          , Gg          , Gg          , Gg          , Gg          , Gg          , Gg          , Gg          , Ds          , Ds          , Gg          , Rr          , Ds          , Ds          , Ds          , Ds          , Ds          , Ds          , Ds          , Ds          , Ds          , Ds          , Ds          , Ds          , Ww          , Ww          , Wo          , Wo          , Wo          , Wo          , Ww          , Wo          , Ww          , Ww          
Hh          ,Hh          , Gg          , Gg          , Gg          , Gg          , Gg          , Gg          , Gg          , Gg          , Gg          , Gg          , Gg          , Rr          , Rr          , Gg          , Gg          , Gg          , Gg          , Gg          , Gg          , Gg          , Gg          , Gg          , Ds          , Ds          , Ds          , Gg          , Ds          , Rr          , Ss          , Ss          , Ss          , Ss          , Ss          , Ss          , Ss          , Ss          , Ss          , Ss          , Ww          , Ww          , Ww          , Ww          , Wo          , Ww          , Ww          , Ww          , Ww          , Ww          , Gg^Vh       , Gg       
Hh          ,Hh          , Gg          , Gg          , Gg          , Gg          , Gg          , Gg          , Gg          , Gg          , Gg          , Gg          , Hh          , Gg          , Gg          , Rr          , Rr          , Gg          , Gg          , Gg          , Gg          , Gg          , Gg          , Gg          , Gg          , Ds          , Ds          , Ds          , Ss          , Rr          , Ss          , Ss          , Ss          , Ss          , Ch          , Ch          , Ch          , Ss          , Ss          , Ss          , Ww          , Ww          , Ww          , Wo          , Ww          , Ww          , Ww          , Ww          , Gg^Vh       , Gg^Vh       , Re          , Re          
Hh          ,Hh          , Gg          , Gg          , Gg          , Gg          , Gg          , Gg          , Gg          , Gg          , Hh          , Hh          , Gg          , Gg          , Gg          , Gg          , Gg          , Rr          , Rr          , Gg          , Gg          , Gg          , Gg          , Gg          , Ds          , Ds          , Ss          , Ss          , Ss          , Rr          , Rr          , Ss          , Ch          , Ch          , Gg          , Gg          , Gg          , Ch          , Ch          , Ss          , Ww          , Ww          , Ww          , Wo          , Ww          , Ww          , Gg^Vh       , Gg^Vh       , Gg^Vh       , Re          , Re          , Re          
Hh          ,Hh          , Gg          , Gg          , Gg          , Gg          , Gg          , Gg          , Gg          , Gg          , Gg          , Gg          , Gg          , Gg          , Gg          , Gg          , Gg          , Gg          , Gg          , Rr          , Rr          , Gg          , Gg          , Gg          , Ds          , Ss          , Ss          , Ss          , Ss          , Rr          , Ch          , Ch          , Gg          , Gg          , Rr          , Rr          , Rr          , Gg          , Gg          , Ch          , Ww          , Ww          , Wo          , Wo          , Ww          , Ww          , Gg^Vh       , Re          , Gg^Vh       , Gg^Vh       , Gg^Vh       , Gg       
Gg          ,Gg          , Gg          , Gg          , Gg          , Gg          , Gg          , Gg          , Gg          , Gg          , Gg          , Gg          , Gg          , Gg          , Gg          , Gg          , Gg          , Gg          , Gg          , Gg          , Gg          , Rr          , Rr          , Ds          , Ss          , Ss          , Ss          , Ss          , Ch          , Ch          , Rr          , Rr          , Rr          , Rr          , Gg          , Gg          , Gg          , Rr          , Rr          , Gg          , Ww          , Ww          , Wo          , Wo          , Ww          , Ww          , Gg^Vh       , Re          , Re          , Gg^Vh       , Re          , Re          
Gg          ,Gg          , Gg          , Gg          , Gg          , Gg          , Gg          , Gg          , Gg          , Gg          , Gg          , Gg          , Gg          , Gg          , Gg          , Gg          , Gg          , Gg          , Gg          , Gg          , Gg          , Gg          , Ds          , Rr          , Rr          , Ss          , Ch          , Ch          , Gg          , Gg          , Rr          , Rr          , Rr          , Gg          , Kh          , Kh          , Kh          , Gg          , Gg          , Ww^Bw\      , Ww          , Ww          , Wo          , Wo          , Ww          , Ww          , Gg^Vh       , Gg^Vh       , Rr          , Rr          , Rr          , Rr          
Gg          ,Gg          , Gg          , Gg          , Gg          , Gg          , Gg          , Gg          , Gg          , Hh          , Gg          , Gg          , Gg          , Gg          , Gg          , Gg          , Gg          , Gg          , Gg          , Gg          , Ds          , Gg          , Ds          , Ss          , Ss          , Ch          , Rr          , Gg          , Rr          , Rr          , Gg          , Rr          , Kh          , Kh          , Gg^Vh       , Gg^Vh       , Gg^Vh       , Kh          , Kh          , Ww          , Ww          , Ww          , Wo          , Ww          , Ww          , Ww          , Rr          , Rr          , Gg^Vh       , Gg^Vh       , Gg^Vh       , Gg       
Gg          ,Gg          , Gg          , Gg          , Gg          , Gg          , Gg          , Gg          , Gg          , Hh          , Hh          , Gg          , Gg          , Gg          , Gg          , Gg          , Gg          , Gg          , Gg          , Gg          , Gg          , Gg          , Ds          , Ss          , Ss          , Ch          , Gg          , Rr          , Gg          , Gg          , Kh          , Kh          , Rr          , Rr          , Re          , Re          , Gg^Vh       , Gg^Vh       , Gg^Vh       , Ww          , Ww          , Ww          , Wo          , Ww          , Ww^Bw/      , Ww^Bw/      , Wwf         , Gg^Vh       , Gg^Vh       , Gg^Vh       , Re          , Re          
Gg          ,Gg          , Gg          , Gg          , Gg          , Gg          , Gg          , Gg          , Gg          , Hh          , Gg          , Gg          , Gg          , Gg          , Gg          , Gg          , Gg          , Gg          , Gg          , Gg          , Gg          , Ds          , Ds          , Ss          , Ss          , Ch          , Gg          , Rr          , Gg          , Kh          , Gg^Vh       , Gg^Vh       , Gg^Vh       , Rr          , Gg^Vh       , Gg^Vh       , Gg^Vh       , Re          , Gg^Vh       , Ww          , Ww          , Ww          , Ww^Bw/      , Wo^Bw/      , Ww          , Ww          , Wwf         , Gg^Vh       , Re          , Re          , Gg^Vh       , Gg       
Gg          ,Gg          , Gg          , Gg          , Gg          , Gg          , Gg          , Gg          , Gg          , Gg          , Gg          , Gg          , Gg          , Gg          , Gg          , Gg          , Gg          , Gg          , Gg          , Gg          , Gg          , Ds          , Ds          , Ss          , Ss          , Ch          , Gg          , Rr          , Gg          , Kh          , Gg^Vh       , Re          , Re          , Rr          , Rr          , Gg^Vh       , Gg^Vh       , Re          , Rr          , Gg^Vh       , Rr          , Ww^Bw/      , Ww          , Wo          , Wo          , Ww          , Ww          , Gg^Vh       , Gg^Vh       , Gg^Vh       , Re          , Re          
Gg          ,Gg          , Gg          , Gg          , Gg          , Gg          , Gg          , Gg          , Gg          , Gg          , Gg          , Gg          , Gg          , Gg          , Gg          , Gg          , Gg          , Gg          , Gg          , Gg          , Ds          , Ds          , Ds          , Ss          , Ss          , Ch          , Gg          , Rr          , Gg          , Kh          , Gg^Vh       , Re          , Gg^Vh       , Gg^Vh       , Rr          , Gg^Vh       , Rr          , Rr          , Gg^Vh       , Rr          , Gg^Vh       , Ww          , Wo          , Ww          , Wo          , Ww          , Ww          , Wwf         , Gg^Vh       , Gg^Vh       , Gg^Vh       , Gg       
Gg          ,Gg          , Gg          , Gg          , Gg          , Gg          , Gg          , Gg          , Gg          , Gg          , Gg          , Gg          , Gg          , Gg          , Gg          , Gg          , Gg          , Gg          , Gg          , Ds          , Gg          , Ds          , Ss          , Ss          , Ss          , Ch          , Gg          , Rr          , Gg          , Kh          , Gg^Vh       , Gg^Vh       , Re          , Gg^Vh       , Re          , Rr          , Re          , Gg^Vh       , Re          , Re          , Gg^Vh       , Ww          , Wo          , Wo          , Wo          , Wo          , Ww          , Ww          , Gg^Vh       , Re          , Re          , Re          
Gg          ,Gg          , Gg          , Gg          , Gg          , Gg          , Gg          , Gg          , Gg          , Gg          , Gg          , Gg          , Gg          , Gg          , Gg          , Gg          , Gg          , Gg          , Gg          , Gg          , Gg          , Ds          , Ss          , Ss          , Ss          , Ch          , Gg          , Rr          , Gg          , Kh          , Gg^Vh       , Re          , Gg^Vh       , Re          , Gg^Vh       , Rr          , Gg^Vh       , Re          , Gg^Vh       , Gg^Vh       , Ww          , Ww          , Wo          , Ww          , Wo          , Ww          , Ww          , Ww          , Gg^Vh       , Gg^Vh       , Gg^Vh       , Gg       
Gg          ,Gg          , Gg          , Gg          , Gg          , Gg          , Gg          , Gg          , Gg          , Gg          , Gg          , Gg          , Gg          , Gg          , Gg          , Gg          , Gg          , Gg          , Gg          , Gg          , Gg          , Ds          , Ds          , Ss          , Ss          , Ch          , Gg          , Rr          , Gg          , Kh          , Gg^Vh       , Gg^Vh       , Gg^Vh       , Gg^Vh       , Gg^Vh       , Rr          , Re          , Gg^Vh       , Ww          , Ww          , Ww          , Ww          , Wo          , Wo          , Ww          , Ww          , Ww          , Gg^Vh       , Re          , Re          , Re          , Re          
Gg          ,Gg          , Gg          , Gg          , Gg          , Gg          , Gg          , Gg          , Gg          , Gg          , Gg          , Gg          , Gg          , Gg          , Ww          , Gg          , Ww          , Gg          , Gg          , Ds          , Ds          , Ds          , Ss          , Ss          , Ss          , Ch          , Gg          , Rr          , Gg          , Kh          , Gg^Vh       , Re          , Re          , Re          , Re          , Rr          , Rr          , Gg^Vh       , Ww          , Ww          , Ww          , Wo          , Wo          , Ww          , Ww          , Ww          , Wwf         , Gg^Vh       , Gg^Vh       , Gg^Vh       , Gg^Vh       , Gg       
Gg          ,Gg          , Gg          , Gg          , Gg          , Gg          , Gg          , Gg          , Gg          , Gg          , Ww          , Ww          , Ww          , Ww          , Ww          , Ww          , Ww          , Ww          , Ww          , Ww          , Ww          , Ds          , Ss          , Ss          , Ss          , Ch          , Ww          , Ww^Bw|      , Ww          , Ww          , Ww          , Gg^Vh       , Gg^Vh       , Gg^Vh       , Gg^Vh       , Gg^Vh       , Rr          , Gg^Vh       , Ww          , Ww          , Wo          , Wo          , Wo          , Ww          , Ww          , Ww          , Re          , Gg^Vh       , Re          , Gg^Vh       , Re          , Re          
Gg          ,Gg          , Gg          , 1 Gg        , Ww          , Gg          , Ww          , Gg          , Ww          , Ww          , Ww          , Ww          , Ww          , Ww          , Ww          , Ww          , Ww          , Ww          , Ww          , Ww          , Ww          , Ww          , Ww          , Ww          , Ww          , Ww          , Ww          , Ww          , Ww          , Ww          , Ww          , Ww          , Ww          , Wwf         , Ww          , Gg^Vh       , Rr          , Gg^Vh       , Ww          , Ww          , Wo          , Ww          , Ww          , Ww          , Kh          , Rr          , Rr          , Gg^Vh       , Gg^Vh       , Re          , Re          , Re          
Gg          ,Gg          , Ww          , Ww          , Ww          , Ww          , Ww          , Ww          , Ww          , Ww          , Wo          , Wo          , Wo          , Ww          , Wo          , Wo          , Wo          , Wo          , Wo          , Ww          , Ww          , Ww          , Ww          , Ww          , Wo          , Ww          , Wo          , Ww          , Wo          , Ww          , Wo          , Ww          , Ww          , Ww          , Ww          , Gg^Vh       , Rr          , Gg^Vh       , Ww          , Wo          , Ww          , Ww          , Ww          , Gg          , Gg          , Kh          , Kh          , Rr          , Rr          , Gg^Vh       , Gg^Vh       , Gg       
Gg          ,Gg          , Ww          , Ww          , Ww          , Ww          , Wo          , Ww          , Wo          , Wo          , Ww          , Wo          , Ww          , Wo          , Wo          , Wo          , Wo          , Wo          , Wo          , Wo          , Wo          , Wo          , Wo          , Wo          , Ww          , Wo          , Wo          , Wo          , Wo          , Wo          , Wo          , Wo          , Wo          , Ww          , Wo          , Ww          , Wo          , Wo^Bw\      , Wo^Bw\      , Ww          , Ww          , Ww          , Gg^Ve       , Gg          , Gg^Ve       , Gg          , Gg          , Kh          , Kh          , Rr          , Rr          , Rr          
Ww          ,Ww          , Wo          , Wo          , Ww          , Wo          , Ww          , Wo          , Ww          , Wo          , Ww          , Ww          , Ww          , Ww          , Ww          , Wo          , Wo          , Wo          , Wo          , Wo          , Ww          , Ww          , Ww          , Ww          , Ch          , Ww          , Ww          , Ww          , Ww          , Wo          , Wo          , Ww          , Ww          , Wo          , Ww          , Wo          , Ww          , Wo          , Wwf         , Ww^Bw\      , Ww^Bw\      , Gg          , Rr          , Gg          , Gg          , Gg          , Gg          , Gg          , Gg          , Kh          , Rr          , Rr          
Wo          ,Wo          , Ww          , Wo          , Ww          , Ww          , Ww          , Ww          , Gg          , Ww          , Gg          , Gg          , Gg          , Gg          , Ww          , Ww          , Ww          , Ww          , Ww          , Ww          , Ww          , Ww          , Ss          , Ss          , Ch          , Gg          , Gg^Vh       , Ww          , Gg^Vh       , Ww          , Ww          , Ww          , Ww          , Ww          , Ww          , Ww          , Wwf         , Ww          , Ww          , Wwf         , Gg          , Rr          , Rr          , Rr          , Rr          , Gg^Ve       , Gg          , Gg^Ve       , Gg          , Kh          , Rr          , Rr          
Ww          ,Ww          , Ww          , Ww          , Ww          , Ww          , Gg          , Gg          , Gg          , Gg          , Hh          , Gg          , Gg          , Gg          , Gg          , Ww          , Gg          , Ww          , Gg          , Ww          , Ss          , Ss          , Ss          , Ss          , Ch          , Gg          , Re          , Gg^Vh       , Gg^Vh       , Gg^Vh       , Gg^Vh       , Ww          , Gg^Vh       , Ww          , Gg^Vh       , Ww          , Rr          , Wwf         , Gg          , Gg          , Gg^Ve       , Rr          , Rr          , Rr          , Rr          , Rr          , Gg^Ve       , Gg          , Gg          , Kh          , Rr          , Rr          
Ww          ,Ww          , Gg          , Gg          , Gg          , Gg          , Gg          , Gg          , Gg          , Gg          , Gg          , Gg          , Gg          , Gg          , Gg          , Gg          , Gg          , Ds          , Gg          , Ds          , Ds          , Ds          , Ss          , Ss          , Ch          , Gg          , Gg^Vh       , Re          , Re          , Re          , Gg^Vh       , Gg^Vh       , Re          , Gg^Vh       , Re          , Re          , Rr          , Kh          , Gg          , Gg          , Gg          , Gg          , Gg          , Rr          , Rr          , Rr          , Gg          , Gg          , Gg          , Kh          , Rr          , Rr          
Gg          ,Gg          , Gg          , Gg          , Gg          , Gg          , Gg          , Gg          , Gg          , Gg          , Gg          , Gg          , Gg          , Gg          , Gg          , Gg          , Gg          , Gg          , Ds          , Ds          , Ds          , Ss          , Ss          , Ss          , Ch          , Gg          , Re          , Re          , Gg^Vh       , Gg^Vh       , Gg^Vh       , Gg^Vh       , Re          , Gg^Vh       , Re          , Gg^Vh       , Rr          , Kh          , Kh          , Gg          , Gg          , Gg^Ve       , Gg          , Gg^Ve       , Gg          , Gg^Ve       , Gg          , Gg^Ve       , Gg          , Kh          , Rr          , Rr          
Gg          ,Gg          , Gg          , Gg          , Gg          , Gg          , Gg          , Gg          , Gg          , Gg          , Gg          , Gg          , Gg          , Gg          , Gg          , Gg          , Gg          , Gg          , Gg          , Gg          , Ds          , Ss          , Ss          , Ss          , Ch          , Gg          , Gg^Vh       , Re          , Gg^Vh       , Gg^Vh       , Re          , Re          , Gg^Vh       , Gg^Vh       , Re          , Re          , Gg^Vh       , Rr          , Rr          , Kh          , Kh          , Gg          , Gg          , Gg          , Gg^Ve       , Gg          , Gg          , Gg          , Kh          , Kh          , Rr          , Rr          
Gg          ,Gg          , Gg          , Gg          , Gg          , Gg          , Gg          , Gg          , Gg          , Hh          , Gg          , Gg          , Gg          , Gg          , Gg          , Gg          , Ds          , Gg          , Ds          , Gg          , Ds          , Ss          , Rr          , Rr          , Ch          , Rr          , Rr          , Rr          , Rr          , Gg^Vh       , Gg^Vh       , Re          , Rr          , Re          , Gg^Vh       , Gg^Vh       , Gg^Vh       , Re          , Gg^Vh       , Rr          , Rr          , Kh          , Kh          , Gg          , Gg          , Gg          , Kh          , Kh          , Rr          , Rr          , Gg^Vh       , Gg       
Gg          ,Gg          , Gg          , Gg          , Gg          , Gg          , Gg          , Gg          , Hh          , Hh          , Hh          , Gg          , Gg          , Gg          , Gg          , Gg          , Gg          , Ds          , Gg          , Ds          , Rr          , Rr          , Ss          , Ss          , Ch          , Gg          , Gg^Vh       , Gg^Vh       , Gg^Vh       , Rr          , Rr          , Rr          , Rr          , Gg^Vh       , Gg^Vh       , Gg^Vh       , Re          , Re          , Gg^Vh       , Re          , Re          , Rr          , Rr          , Kh          , Kh          , Kh          , Rr          , Rr          , Gg^Vh       , Gg^Vh       , Re          , Re          
Gg          ,Gg          , Hh          , Gg          , Gg          , Gg          , Gg          , Gg          , Hh          , Hh          , Gg          , Gg          , Gg          , Gg          , Gg          , Gg          , Gg          , Gg          , Rr          , Rr          , Ds          , Ds          , Ss          , Ss          , Ch          , Gg          , Re          , Gg^Vh       , Re          , Rr          , Gg^Vh       , Gg^Vh       , Gg^Vh       , Rr          , Rr          , Re          , Gg^Vh       , Gg^Vh       , Gg^Vh       , Gg^Vh       , Re          , Gg^Vh       , Gg^Vh       , Rr          , Rr          , Rr          , Gg^Vh       , Gg^Vh       , Gg^Vh       , Gg^Vh       , Rr          , Rr          
Gg          ,Gg          , Gg          , Gg          , Gg          , Gg          , Gg          , Gg          , Gg          , Gg          , Gg          , Gg          , Gg          , Gg          , Gg          , Gg          , Rr          , Rr          , Gg          , Gg          , Ds          , Ds          , Ss          , Ss          , Ch          , Gg          , Gg^Vh       , Re          , Gg^Vh       , Re          , Gg^Vh       , Gg^Vh       , Re          , Re          , Gg^Vh       , Rr          , Rr          , Rr          , Rr          , Gg^Vh       , Rr          , Gg^Vh       , Re          , Gg^Vh       , Gg^Vh       , Gg^Vh       , Gg^Vh       , Re          , Rr          , Rr          , Re          , Re          
Gg          ,Gg          , Gg          , Hh          , Gg          , Gg          , Gg          , Gg          , Gg          , Gg          , Gg          , Gg          , Gg          , Gg          , Rr          , Rr          , Gg          , Gg          , Ds          , Ds          , Ds          , Ds          , Ss          , Ss          , Ch          , Gg          , Re          , Re          , Gg^Vh       , Re          , Gg^Vh       , Gg^Vh       , Re          , Gg^Vh       , Gg^Vh       , Gg^Vh       , Gg^Vh       , Rr          , Gg^Vh       , Rr          , Gg^Vh       , Rr          , Rr          , Gg^Vh       , Gg^Vh       , Gg^Vh       , Rr          , Rr          , Gg^Vh       , Re          , Gg^Vh       , Gg       
Gg          ,Gg          , Gg          , Gg          , Gg          , Gg          , Gg          , Gg          , Gg          , Gg          , Gg          , Gg          , Rr          , Rr          , Gg          , Gg          , Gg          , Gg          , Gg          , Gg          , Ds          , Ss          , Ss          , Ss          , Ch          , Gg          , Re          , Gg^Vh       , Re          , Re          , Re          , Gg^Vh       , Re          , Gg^Vh       , Re          , Gg^Vh       , Rr          , Rr          , Re          , Gg^Vh       , Re          , Gg^Vh       , Re          , Rr          , Rr          , Rr          , Re          , Gg^Vh       , Re          , Gg^Vh       , Re          , Re          
Gg          ,Gg          , Gg          , Gg          , Gg          , Gg          , Gg          , Gg          , Gg          , Gg          , Gg          , Gg          , Rr          , Rr          , Gg          , Gg          , Gg          , Gg          , Gg          , Gg          , Ds          , Ss          , Ss          , Ss          , Ch          , Gg          , Re          , Gg       , Re          , Re          , Re          , Gg       , Re          , Gg       , Re          , Gg       , Rr          , Rr          , Re          , Gg       , Re          , Gg       , Re          , Rr          , Rr          , Rr          , Re          , Gg       , Re          , Gg       , Re          , Re          
