border_size=1
usage=map

Gg          , Gg          , Gs^Fms      , Gg          , Gg          , Gs^Fp       , Gg          , Gs^Fp       , Gg          , Gg          , Gs^Fp       , Gs^Fp       , Gg          , Gg          , Re          , Gg          , Ww          , Ww          , Gg          , Gg          , Rr          , Rr          
Gg          , Gg          , Gs^Fms      , Gg          , Gg          , Gs^Fms      , Gg          , Gs^Fds      , Gg          , Gg          , Gs^Fms      , Gs^Fms      , Gg          , Gg          , Re          , Gg          , Ww          , Ww          , Gg          , Gg          , Rr          , Rr          
Gg          , Gg          , Gg          , Gs^Fms      , Gs^Fds      , Gg          , Gg          , Gg          , Gg          , Gs^Fms      , Gs^Fds      , Gg          , Gg          , Gg          , Gg          , Gg          , Ww          , Gg          , Gg          , Rr          , Gg          , Gg          
Gs^Fp       , Gs^Fds      , Gg          , Gg          , Gg          , Gs^Fms      , Gg          , Gg          , Gs^Fms      , Gg          , Gg          , Gg          , Gg          , Re          , Gg          , Ww          , Ww          , Gg          , Gg          , Rr          , Gg          , Gg          
Gs^Fp       , Gs^Fms      , Gs^Fds      , Gs^Fms      , Gs^Fms      , Gs^Fms      , Gg          , Gg          , Gg          , Gs^Fp       , Gg          , Gg          , Gg          , Gg          , Ww          , Ww          , Gg          , Gg          , Gg          , Rr          , Gg          , Gg          
Gs^Fp       , Gs^Fms      , Gg          , Gg          , Gg          , Gg          , Gg          , Gs^Fp       , Gg          , Gg          , Gg          , Re          , Gg          , Ww          , Ww          , Gg          , Gg          , Gg          , Rr          , Rr          , Gg          , Gg          
Gs^Fp       , Gs^Fds      , Gs^Fms      , Gs^Fp       , Ce          , Gs^Fp       , Gg          , Gg          , Gg          , Gg          , Gg          , Gg          , Ww          , Ww          , Gg          , Gg          , Gg          , Gg          , Rr          , Gg          , Gg          , Gg          
Gg          , Gg          , Gs^Fms      , Ce          , 2 Ke        , Ce          , Ce          , Gs^Fms      , Gg          , Re          , Gg          , Ww          , Ww          , Gg          , Gg          , Gg          , Rr          , Rr          , Gg          , Gg          , Gg          , Gg          
Gs^Fp       , Gs^Fds      , Gs^Fds      , Ce          , Ce          , Ce          , Gs^Fp       , Gs^Fp       , Gg          , Gg          , Gg          , Ww          , Ww          , Gg          , Gg          , Gg          , Rr          , Gg          , Hh          , Hh          , Gg          , Gg          
Gs^Fp       , Gs^Fms      , Gg          , Gs^Fms      , Gg          , Ce          , Gg          , Gs^Fp       , Gg          , Re          , Gg          , Ww          , Gg          , Gg          , Gg          , Gg          , Rr          , Gg          , Gg          , Hh          , Gg          , Gg          
Gs^Fp       , Gs^Fms      , Gg          , Gs^Fp       , Gg          , Gs^Fms      , Gs^Fms      , Gg          , Gg          , Gg          , Gg          , Ww          , Ww          , Gg          , Gg          , Gg          , Rr          , Gg          , Gg          , Hh          , Gg          , Gg          
Gs^Fp       , Gs^Fms      , Gs^Fds      , Gg          , Gs^Fds      , Gg          , Gs^Fms      , Gg          , Gs^Fp       , Gs^Fms      , Re          , Gg          , Ww          , Gg          , Gg          , Gg          , Rr          , Gg          , Gg          , Gg          , Gg          , Gg          
Gg          , Gg          , Gg          , Gg          , Gs^Fms      , Gg          , Gg          , Gg          , Gg          , Gg          , Gg          , Gg          , Ww          , Gg          , Gg          , Gg          , Gg          , Rr          , Rr          , Gg          , Gg          , Gg          
Gg          , Gg          , Gs^Fms      , Gg          , Gs^Fp       , Gg          , Gg          , Gg          , Gg          , Re          , Gg          , Ww          , Ww          , Gg          , Gg          , Hh          , Hh          , Gg          , Rr          , Gg          , Gg          , Gg          
Gg          , Gg          , Gg          , Gg          , Gs^Fp       , Gg          , Gg          , Gs^Fp       , Gg          , Gg          , Ww          , Ww          , Gg          , Gg          , Gg          , Gg          , Gg          , Gg          , Rr          , Gg          , Gg          , Gg          
Gs^Fp       , Gs^Fms      , Gs^Fp       , Gg          , Gg          , Gg          , Gg          , Gg          , Re          , Gg          , Ww          , Ww          , Ww          , Gg          , Gg          , Gg          , Rr          , Rr          , Gg          , Gg          , Gg          , Gg          
Gg          , Gg          , Gs^Fms      , Gg          , Gg          , Gs^Fms      , Gg          , Gs^Fp       , Gg          , Gg          , Gg          , Ww          , Ww          , Ww          , Ww          , Gg          , Rr          , Gg          , Gg          , Gg          , Gg          , Gg          
Gg          , Gg          , Gg          , Gg          , Gs^Fp       , Gs^Fms      , Gg          , Re          , Gg          , Re          , Gg          , Gg          , Gg          , Ww          , Ww          , Chr         , Chr         , Gg          , Gg          , Gg          , Gg          , Gg          
Gg          , Gg          , Gg          , Gs^Fp       , Gg          , Re          , Gg          , Gg          , Gg          , Gs^Fp       , Gg          , Re          , Chr         , Chr         , Ww^Bw/      , Rr          , Chr         , Hh          , Gg          , Gg          , Gg          , Gg          
Gs^Fp       , Gs^Fp       , Gg          , Re          , Gs^Fp       , Gg          , Gs^Fp       , Gg          , Gg          , Gg          , Gg          , Gg          , Kh          , Rr          , Ww          , Ww          , Hh          , Hh          , Gg          , Gg          , Gg          , Gg          
Re          , Re          , Gg          , Gs^Fms      , Gg          , Gg          , Gg          , Gs^Fms      , Gs^Fms      , Gg          , Rr          , Rr          , Gg          , Ww          , Ww          , Ww          , Hh          , Hh          , Gg          , Gg          , Gg          , Gg          
Gg          , Gg          , Gs^Fms      , Gs^Fms      , Gs^Fp       , Gg          , Gg          , Gg          , Gg          , Gs^Fp       , Rr          , Gg          , Gg          , Re          , Ww          , Ww          , Hh          , Gg          , Gg          , Hh          , Gg          , Gg          
Gg          , Gg          , Gs^Fms      , Gs^Fms      , Gg          , Gs^Fp       , Gg          , Gg          , Gg          , Gg          , Rr          , Gg          , Gg          , Gg          , Re          , Ww          , Ww          , Gg          , Hh          , Hh          , Gg          , Gg          
Gg          , Gg          , Gg          , Gg          , Gg          , Gs^Fms      , Gg          , Gg          , Rr          , Rr          , Gg          , Gg          , Hh          , Gg          , Hh          , Ww          , Ww          , Re          , Hh          , Hh          , Hh          , Hh          
Gs^Fp       , Gs^Fms      , Gg          , Gg          , Gs^Fms      , Gg          , Gg          , Hh          , Rr          , Gg          , Gg          , Hh          , Mm          , Mm          , Mm          , Hh          , Ww          , Ww          , Ww          , Re          , Hh          , Hh          
Gg          , Gg          , Gg          , Gg          , Hh          , Gg          , Gg          , Hh          , Rr          , Gg          , Hh          , Hh          , Mm          , Mm          , Hh          , Gg          , Ww          , Ww          , Hh          , Ww          , Ww          , Ww          
Gg          , Gg          , Gg          , Hh          , Gg          , Gg          , Gg          , Hh          , Hh          , Rr          , Hh          , Hh          , Mm          , Mm          , Hh          , Hh          , Ww          , Gg          , Gg          , Hh          , Hh          , Hh          
Gg          , Gg          , Gg          , Hh          , Gg          , Gg          , Gg          , Gg          , Hh          , Rr          , Gg          , Hh          , Hh          , Hh          , Ww          , Ww          , Ww          , Hh          , Hh          , Hh          , Mm          , Mm          
Gg          , Gg          , Hh          , Hh          , Hh          , Gg          , Gg          , Hh          , Hh          , Rr          , Gg          , Gg          , Hh          , Hh          , Ww          , Ww          , Hh          , Hh          , Mm          , Mm          , Mm          , Mm          
Gg          , Gg          , Hh          , Hh          , Hh          , Hh          , Gg          , Gg          , Rr          , Rr          , Hh          , Hh          , Hh          , Hh          , Hh          , Ww          , Hh          , Hh          , Mm          , Mm          , Mm          , Mm          
Hh          , Hh          , Mm          , Mm          , Mm          , Hh          , Hh          , Gg          , Rr          , Gg          , Hh          , Hh          , Mm          , Mm          , Hh          , Ww          , Ww          , Hh          , Mm          , Mm          , Mm          , Mm          
Hh          , Hh          , Mm          , Mm          , Mm          , Mm          , Hh          , Gg          , Rr          , Gg          , Hh          , Mm          , Mm          , Mm          , Mm          , Hh          , Hh          , Hh          , Mm          , Mm          , Mm          , Mm          
Hh          , Hh          , Hh          , Mm          , Hh          , Hh          , Gg          , Gg          , Rr          , Hh          , Mm          , Mm          , Mm          , Mm          , Mm          , Hh          , Hh          , Hh          , Hh          , Mm          , Mm          , Mm          
Mm          , Mm          , Mm          , Hh          , Hh          , Gg          , Rr          , Rr          , Hh          , Hh          , Mm          , Mm          , Mm          , Mm          , Hh          , Hh          , Hh          , Hh          , Mm          , Mm          , Mm          , Mm          
Mm          , Mm          , Mm          , Mm          , Hh          , Gg          , Rr          , Gg          , Hh          , Mm          , Mm          , Mm          , Hh          , Hh          , Wo          , Ww          , Hh          , Mm          , Mm          , Mm          , Mm          , Mm          
Mm          , Mm          , Mm          , Mm          , Hh          , Gg          , Gg          , Rr          , Gg          , Hh          , Mm          , Mm          , Hh          , Hh          , Wo          , Hh          , Hh          , Mm          , Mm          , Mm          , Mm          , Mm          
Mm          , Mm          , Mm          , Mm          , Hh          , Hh          , Gg          , Rr          , Rr          , Hh          , Mm          , Mm          , Hh          , Ww          , Wo          , Wo          , Hh          , Mm          , Mm          , Mm          , Mm          , Mm          
Mm          , Mm          , Mm          , Hh          , Hh          , Gg          , Ce          , Ce          , Ce          , Rr          , Hh          , Hh          , Hh          , Hh          , Hh          , Ww          , Hh          , Mm          , Mm          , Mm          , Mm          , Mm          
Mm          , Mm          , Mm          , Hh          , Hh          , Hh          , Ce          , 1 Ke        , Rr          , Rr          , Hh          , Hh          , Mm          , Mm          , Mm          , Hh          , Mm          , Mm          , Mm          , Mm          , Mm          , Mm          
Mm          , Mm          , Mm          , Mm          , Mm          , Hh          , Hh          , Ce          , Rr          , Hh          , Mm          , Mm          , Mm          , Mm          , Mm          , Mm          , Mm          , Mm          , Mm          , Mm          , Mm          , Mm          
Mm          , Mm          , Mm          , Mm          , Mm          , Hh          , Gg          , Gg          , Rr          , Hh          , Mm          , Mm          , Mm          , Mm          , Mm          , Mm          , Mm          , Mm          , Mm          , Mm          , Mm          , Mm          
Mm          , Mm          , Mm          , Mm          , Mm          , Hh          , Gg          , Gg          , Rr          , Hh          , Mm          , Mm          , Mm          , Mm          , Mm          , Mm          , Mm          , Mm          , Mm          , Mm          , Mm          , Mm          
